Running the Crew
🚀 开始执行小红书公共舆情分析（批量数据库+分批AI处理）...
📅 分析时间: 2025-06-03 14:16:15
批次处理配置:
📊 数据库读取批次: 100 条
🤖 AI分析批次: 5 条  
💾 数据库写入最大: 200 条
⚠️ 单次运行最大: 200 条
============================================================
📖 阶段1: 批量数据库读取...
✅ 数据读取完成! 共获取 100 条笔记数据
📋 将分批进行AI分析，每批 5 条

============================================================
🤖 阶段2: 分批执行AI内容分析 + 即时数据库写入...

🔄 处理第 1/20 批 (索引 0~4, 共 5 条)
📋 开始AI分析: 5 条笔记
📋 开始AI分析 crew_inputs: {'analysis_type': '小红书笔记情感分析 - 第1批', 'current_date': '2025-06-03 14:16:15', 'batch_size': 5, 'notes': [{'id': 48, 'title': '油头救星⭕️三天出门暴走淋雨不洗头的秘诀', 'type': 'normal', 'desc': '是@Living proof缕灵 full系列洗发水+护发素[赞R]\n\t\n不枉我特意人肉背到国外，使用完之后三天每天在外面吹风暴走时间都超过两小时，中间还淋了一次小雨，本来一天半就会很油的头发到第三天下午也只有一点油和塌[萌萌哒R]\n\t\n使用中：第一泵不是很容易起泡（不知道是不是🇬🇧水质太差[石化R]），所以感觉可能搭配起泡器使用感会更好。但第一泵机会洗掉头发上的油脂，再上第二泵的时候泡沫非常绵密，轻轻揉搓就能覆盖大部分头发。而且整个过程头皮完全不会感到刺激，我的头皮状况可以说是很不好，但洗了两次感觉这一款对头皮很友好，甚至头发都掉了少了那么一点[害羞R]\n洗完头后因为还没买到吹风机，所以是让头发自然晾干的，同时躺在床上也没怎么梳理，所以头顶有一点杂乱[叹气R]（也是因为缕灵让头发太有支撑力了吧[偷笑R]\n\t\n如果说full这个系列用完的蓬松程度让我惊喜，那么它控油的持久程度更是让我了解到这一款洗护比普通洗护贵的理由。洗完之后的三天为了去各个超市置办东西，每天都会在户外在风中暴走两三个小时，第二天甚至还淋了一段毛毛雨。按照之前我头发的状况，在折腾了两天还淋完雨后是肯定会油的，但这一次到第三天起床用梳子梳理完头发还是一个比较柔顺整洁的状态[哇R]当时可以说是相当惊喜了！（毕竟太累了洗头能拖一天是一天[doge]\n\t\n整体使用下来感觉缕灵这一个系列的洗护还是非常值得！对于我这种油头懒人来说，这一款洗护在呵护头皮的同时让我头发蓬松还可以三天才洗一次头还保持柔顺，真的十分值得了[赞R]\n#Livingproof[话题]# #郑云龙Livingproof缕灵科技护发[话题]# #见证每一缕灵动[话题]# #油头救星[话题]# #洗发水[话题]# #洗护推荐[话题]# #好用洗发水[话题]#', 'note_url': 'https://www.xiaohongshu.com/explore/632515b1000000001801a707?xsec_token=AB54mqD344q2nr3ejEqQsHggaAKCBwk_LSH67tm-vLINI=&xsec_source=pc_search', 'video_url': '', 'image_list': 'http://sns-img-hw.xhscdn.com/03029h016woczdd3nb3010iberu0ejvmtn!nd_dft_wlteh_jpg_3,http://sns-img-hw.xhscdn.com/03029h016woczdd3nb3010iberu1uf6hu2!nd_dft_wlteh_jpg_3,http://sns-img-hw.xhscdn.com/03029h016woczdd3nb3010iberu2h4gl3z!nd_dft_wlteh_jpg_3,http://sns-img-hw.xhscdn.com/03029h016woczdd3nb3010iberu3obph8b!nd_dft_wlteh_jpg_3,http://sns-img-hw.xhscdn.com/03029h016woczdd3nb3010iberu4mad5x4!nd_dft_wlteh_jpg_3', 'tag_list': 'Livingproof,郑云龙Livingproof缕灵科技护发,见证每一缕灵动,油头救星,洗发水,洗护推荐,好用洗发水', 'author_id': '5bb78eec227c4000014549bf', 'nickname': '浪味仙浪浪浪', 'last_update_time': '2022-09-17T09:16:53+00:00', 'liked_count': 10, 'collected_count': 1, 'comment_count': 8, 'share_count': 0, 'created_at': '2025-05-30T00:18:41.094463+00:00', 'brand_list': None, 'spu_list': None, 'emotion_dict': None, 'emotional_intensity_dict': None, 'note_id': '632515b1000000001801a707', 'evaluation_dict': None}, {'id': 51, 'title': '跳水价❗️2折拼手速啦❗️', 'type': 'video', 'desc': 'Living Proof缕灵 我真的相见恨晚！！\n油头 细软塌5分钟改头换面!！\n✅ 缕灵丰盈蓬松洗发水\n👉油性发质/细软发丝扁塌人群\n2天不洗头依然清爽蓬松 高颅顶get！\n✅ 缕灵每日圆满洗发水\n👉毛躁暗哑/干枯没光泽人群\n像给头发灌了十全大补汤\n吹干后绸缎光泽感绝了！\n\t\n⚠油扁塌姐妹重点冲丰盈系列\n回购只有0次和无数次！\n#缕灵洗发水[话题]# #livingproof[话题]# #油扁塌洗发水推荐[话题]# #控油蓬松[话题]# #春日养发护发[话题]# #油头洗发水推荐[话题]# #丰盈蓬松洗发水[话题]# #洗发水清仓捡漏[话题]# #洗发水氨基酸[话题]# #洗发水蓬松[话题]#', 'note_url': 'https://www.xiaohongshu.com/explore/67f5ecc1000000000f0300db?xsec_token=ABEijs1l4f9zG7QVy7etL1J9BFU8MyhQUqEUldzZZH-Wk=&xsec_source=pc_search', 'video_url': 'http://sns-video-bd.xhscdn.com/1040g00g31g1qglngg0d05on8mmllbbkeqnlos80', 'image_list': 'http://sns-img-hw.xhscdn.com/1040g00831g1qglnl02605on8mmllbbke6dt1mk0!nd_dft_wlteh_jpg_3', 'tag_list': '缕灵洗发水,livingproof,油扁塌洗发水推荐,控油蓬松,春日养发护发,油头洗发水推荐,丰盈蓬松洗发水,洗发水清仓捡漏,洗发水氨基酸,洗发水蓬松', 'author_id': '62e8b5ab000000001501ae8e', 'nickname': '小甜蜜丸子', 'last_update_time': '2025-04-09T11:42:58+00:00', 'liked_count': 8, 'collected_count': 5, 'comment_count': 5, 'share_count': 1, 'created_at': '2025-05-30T00:18:41.604381+00:00', 'brand_list': None, 'spu_list': None, 'emotion_dict': None, 'emotional_intensity_dict': None, 'note_id': '67f5ecc1000000000f0300db', 'evaluation_dict': None}, {'id': 53, 'title': '最近谈下最🐮的折扣！缕灵黑科技！', 'type': 'video', 'desc': '200+清到79💰\n超级大的力度 真的是跳水下凡了\n控油蓬松 🇺🇸专研黑科技\n夏天油头的季节来了！\n实测有用！油扁塌不存在的～\n#看得见的肽蓬松力[话题]# #livingproof洗发水[话题]# #livingproof缕灵[话题]# #缕灵丰盈蓬松洗发水[话题]# #缕灵每日圆满洗发水[话题]# #Livingproof蓬松洗护[话题]# #不含月桂醇的洗发水[话题]# #氨基酸洗发水[话题]# #去油蓬松洗发水[话题]# #洗发水去油[话题]#', 'note_url': 'https://www.xiaohongshu.com/explore/682c1fd0000000000f0313a3?xsec_token=ABc5o4EfF0MRI_7v97ekSn9xxbu0eD6x-e5HTPOEbA-V4=&xsec_source=pc_search', 'video_url': 'http://sns-video-bd.xhscdn.com/1040g2so31hmonstdju6g5on8mmllbbke4rkovk8', 'image_list': 'http://sns-img-hw.xhscdn.com/1040g00831hmonssmjo6g5on8mmllbbkeufo305g!nd_dft_wlteh_jpg_3', 'tag_list': '看得见的肽蓬松力,livingproof洗发水,livingproof缕灵,缕灵丰盈蓬松洗发水,缕灵每日圆满洗发水,Livingproof蓬松洗护,不含月桂醇的洗发水,氨基酸洗发水,去油蓬松洗发水,洗发水去油', 'author_id': '62e8b5ab000000001501ae8e', 'nickname': '小甜蜜丸子', 'last_update_time': '2025-05-20T14:23:12+00:00', 'liked_count': 2, 'collected_count': 0, 'comment_count': 1, 'share_count': 0, 'created_at': '2025-05-30T00:18:41.961695+00:00', 'brand_list': None, 'spu_list': None, 'emotion_dict': None, 'emotional_intensity_dict': None, 'note_id': '682c1fd0000000000f0313a3', 'evaluation_dict': None}, {'id': 50, 'title': '周边故事Vol.2-郑云龙光影胶片', 'type': 'normal', 'desc': '缕灵宠粉福利\n周边故事Vol.2-郑云龙光影胶片\n第二次深陷源于大龙的回眸，深情诠释多面角色。胶片是光影，是一段角色的记录，缕灵希望用这种方式记录下与品牌大使郑云龙的故事，也期待邀请小星星们共同见“郑”秀发灵动之美。收到胶片的小星星们，快来分享你们的独特玩法吧~#Livingproof[话题]# #郑云龙[话题]# #郑云龙Livingproof缕灵科技护发[话题]# #见证每一缕灵动[话题]#', 'note_url': 'https://www.xiaohongshu.com/explore/630acc83000000001902baac?xsec_token=AB53T2FVhwccHRhQUumMgg80FocFbLIVE85_eeezmRmSI=&xsec_source=pc_search', 'video_url': '', 'image_list': 'http://sns-img-hw.xhscdn.com/01028s016s7wso8aud1010lhqih0tdt2i7!nd_dft_wlteh_jpg_3', 'tag_list': 'Livingproof,郑云龙,郑云龙Livingproof缕灵科技护发,见证每一缕灵动', 'author_id': '5b9733584b7e830001bae035', 'nickname': 'Living proof缕灵', 'last_update_time': '2022-08-28T10:01:40+00:00', 'liked_count': 96, 'collected_count': 7, 'comment_count': 12, 'share_count': 1, 'created_at': '2025-05-30T00:18:41.423734+00:00', 'brand_list': None, 'spu_list': None, 'emotion_dict': None, 'emotional_intensity_dict': None, 'note_id': '630acc83000000001902baac', 'evaluation_dict': None}, {'id': 52, 'title': '❌踩雷洗发水', 'type': 'normal', 'desc': 'Living proof 缕灵洗发水\n\t\n本人属于染发\n\t\n自从用这洗发水\n\t\n洗完后第二天狂掉头皮屑[石化R]\n\t\n只能忍着把它用完[捂脸R]\n\t\n不会回购指数:[星R][星R][星R][星R][星R]\n\t\n#头发扁塌必入蓬松洗发水[话题]# #洗护推荐[话题]# #洗发水测评[话题]# #防脱发洗发水[话题]# #洗发水[话题]#', 'note_url': 'https://www.xiaohongshu.com/explore/6455c49d0000000011013de5?xsec_token=ABx1NNtjeV6T0Pz4JNHnK09jQcFS0o730XZhjzSDbiY6M=&xsec_source=pc_search', 'video_url': '', 'image_list': 'http://sns-img-hw.xhscdn.com/1000g0082etm0g16h000g49j81ahlcbg87sklfbg!nd_dft_wlteh_jpg_3,http://sns-img-hw.xhscdn.com/1000g0082etm0g16h001049j81ahlcbg8d2vbj90!nd_dft_wlteh_jpg_3', 'tag_list': '头发扁塌必入蓬松洗发水,洗护推荐,洗发水测评,防脱发洗发水,洗发水', 'author_id': '593923565e87e737c0242e08', 'nickname': 'momo', 'last_update_time': '2023-05-06T11:08:13+00:00', 'liked_count': 5, 'collected_count': 0, 'comment_count': 7, 'share_count': 0, 'created_at': '2025-05-30T00:18:41.788311+00:00', 'brand_list': None, 'spu_list': None, 'emotion_dict': None, 'emotional_intensity_dict': None, 'note_id': '6455c49d0000000011013de5', 'evaluation_dict': None}]}
✅ 第1批AI分析完成!
📊 分析结果长度: 1377 字符
📊 第1批解析成功，获得 5 条分析结果
💾 立即写入第1批分析结果到数据库...
📋 立即写入数据库 batch_json: [{"note_id": "632515b1000000001801a707", "analysis_result": {"brand_list": [], "spu_list": [], "emotion_dict": {}, "evaluation_dict": {}}}, {"note_id": "67f5ecc1000000000f0300db", "analysis_result": {"brand_list": ["Living Proof", "缕灵"], "spu_list": ["缕灵丰盈蓬松洗发水", "缕灵每日圆满洗发水"], "emotion_dict": {"Living Proof": "正向", "缕灵": "正向", "缕灵丰盈蓬松洗发水": "正向", "缕灵每日圆满洗发水": "正向"}, "evaluation_dict": {"Living Proof": ["相见恨晚", "回购只有0次和无数次"], "缕灵": ["相见恨晚", "回购只有0次和无数次"], "缕灵丰盈蓬松洗发水": ["改头换面", "清爽蓬松", "高颅顶get", "重点冲"], "缕灵每日圆满洗发水": ["十全大补汤", "绸缎光泽感", "绝了"]}}}, {"note_id": "682c1fd0000000000f0313a3", "analysis_result": {"brand_list": [], "spu_list": [], "emotion_dict": {}, "evaluation_dict": {}}}, {"note_id": "630acc83000000001902baac", "analysis_result": {"brand_list": [], "spu_list": [], "emotion_dict": {}, "evaluation_dict": {}}}, {"note_id": "6455c49d0000000011013de5", "analysis_result": {"brand_list": ["Living proof", "缕灵"], "spu_list": ["Living proof 缕灵洗发水"], "emotion_dict": {"Living proof 缕灵洗发水": "负向"}, "evaluation_dict": {"Living proof 缕灵洗发水": ["踩雷", "狂掉头皮屑", "不会回购"]}}}]
✅ 第1批数据库写入完成: 5 条
📊 第1批处理结果: AI分析 5 条 → 数据库写入 5 条

🔄 处理第 2/20 批 (索引 5~9, 共 5 条)
📋 开始AI分析: 5 条笔记
📋 开始AI分析 crew_inputs: {'analysis_type': '小红书笔记情感分析 - 第2批', 'current_date': '2025-06-03 14:16:15', 'batch_size': 5, 'notes': [{'id': 54, 'title': '去洗不被定义的头了', 'type': 'normal', 'desc': '沙发+自来卷+干性头皮本人🙋\n.\n第一次上头缕灵的使用感是——我还缺一瓶发膜！！！感谢亲亲老公郑云龙的推荐，我这就去冲发膜了[买爆R][买爆R][买爆R]#郑云龙Livingproof缕灵科技护发[话题]# #livingproof[话题]# #见证每一缕灵动[话题]# @Living proof缕灵', 'note_url': 'https://www.xiaohongshu.com/explore/630a3bed000000001b01ca5f?xsec_token=AB53T2FVhwccHRhQUumMgg84fvs8_HIAsKwCx0JcJVO9M=&xsec_source=pc_search', 'video_url': '', 'image_list': 'http://sns-img-hw.xhscdn.com/01028r01kh402mx8kjn011ew83hcjju3d8!nd_dft_wlteh_jpg_3,http://sns-img-hw.xhscdn.com/01028r01kh402mx8kjn011ew83hd5sd6m0!nd_dft_wlteh_jpg_3,http://sns-img-hw.xhscdn.com/01028r01kh402mx8kjn011ew83hafp098c!nd_dft_wgth_jpg_3', 'tag_list': '郑云龙Livingproof缕灵科技护发,livingproof,见证每一缕灵动', 'author_id': '5d92e7c60000000001001303', 'nickname': 'Tiger lili🐯', 'last_update_time': '2022-08-27T23:44:46+00:00', 'liked_count': 65, 'collected_count': 6, 'comment_count': 10, 'share_count': 0, 'created_at': '2025-05-30T00:18:42.113064+00:00', 'brand_list': None, 'spu_list': None, 'emotion_dict': None, 'emotional_intensity_dict': None, 'note_id': '630a3bed000000001b01ca5f', 'evaluation_dict': None}, {'id': 55, 'title': '油头圆梦了！有油它是真控！！🌿', 'type': 'normal', 'desc': '探索洗发新境界！\nLiving proof全效丰盈蓬松洗发水带给你不一样的洗发体验。\n\t\n🌱高级小众，守护你的秀发\n\t\n不管用什么洗发水隔天就油？\n那么非常推荐livingproof丰盈蓬松洗发水\n以专为油头设计的配方和蠕虫叉红藻提取物、专研蓬蓬肽等控油蓬松的成分，赢得了专业美发沙龙的认可。是🇺🇸专业的沙龙护发品牌，而且香味高级，在使用时享受身心愉悦和放松。\n\t\n🌱护发控油，止痒清爽\n\t\n针对大油头和扁塌问题，这款洗发水能够深层清洁头皮，有效调节油脂分泌，让你的头发保持清爽不油腻，同时滋养发丝，使头发更加顺滑有光泽。\n\t\n🌱直降近200！超值抢购\n\t\n现在参与活动，官网255的洗发水，只需79就能带回家！一起体验拥有清爽秀发的快乐！\n#livingproof洗发水[话题]# #缕灵丰盈蓬松洗发水[话题]# #缕灵洗发水[话题]# #洗发水去屑止痒控油蓬松[话题]# #控油止痒[话题]# #油头救星[话题]# #洗发水控油蓬松[话题]# #油头洗发水[话题]# #Livingproof缕灵[话题]# #洗发水[话题]#', 'note_url': 'https://www.xiaohongshu.com/explore/683587c00000000022006e0f?xsec_token=AB6a_UhxVxbIHfZmV58mDivr7V1ICioMou-nOKtLeQ-No=&xsec_source=pc_search', 'video_url': '', 'image_list': 'http://sns-img-hw.xhscdn.com/1040g2sg31hvuh8im6cdg5ojp1jj5at2vh9sgk1o!nd_dft_wlteh_jpg_3,http://sns-img-hw.xhscdn.com/1040g2sg31hvuh8im6cag5ojp1jj5at2vbsaujug!nd_dft_wlteh_jpg_3,http://sns-img-hw.xhscdn.com/1040g2sg31hvuh8im6cd05ojp1jj5at2vk6hjqh8!nd_dft_wlteh_jpg_3,http://sns-img-hw.xhscdn.com/1040g2sg31hvuh8im6cbg5ojp1jj5at2vrqaes5o!nd_dft_wlteh_jpg_3,http://sns-img-hw.xhscdn.com/1040g2sg31hvuh8im6cc05ojp1jj5at2v9ihi02o!nd_dft_wlteh_jpg_3', 'tag_list': 'livingproof洗发水,缕灵丰盈蓬松洗发水,缕灵洗发水,洗发水去屑止痒控油蓬松,控油止痒,油头救星,洗发水控油蓬松,油头洗发水,Livingproof缕灵,洗发水', 'author_id': '62790ce6000000001501745f', 'nickname': 'bellaaaa', 'last_update_time': '2025-05-27T17:37:05+00:00', 'liked_count': 0, 'collected_count': 0, 'comment_count': 1, 'share_count': 0, 'created_at': '2025-05-30T00:18:42.293381+00:00', 'brand_list': None, 'spu_list': None, 'emotion_dict': None, 'emotional_intensity_dict': None, 'note_id': '683587c00000000022006e0f', 'evaluation_dict': None}, {'id': 56, 'title': '沃去‼️原本500+被我砍到这个数💰！！', 'type': 'video', 'desc': '再难啃的品牌方也被我啃下来了❗️\n都是正装囤货装 超大容量[购物车R]\n专研蓬蓬肽科技 对付细软塌很有一手！\n不是日常💰买不起，而是清仓更有性价比～\n任何人错过这波我都会心痛的[凋谢R]\n#进口洗发水[话题]# #洗发水清仓捡漏[话题]# #livingproof洗发水[话题]# #缕灵洗发水[话题]# #缕灵丰盈蓬松洗发水[话题]# #缕灵每日圆满洗发水[话题]# #livingproof蓬松洗护[话题]# #livingproof缕灵[话题]# #洗发水控油蓬松[话题]# #细软塌洗发水推荐[话题]#', 'note_url': 'https://www.xiaohongshu.com/explore/680798e60000000007034903?xsec_token=ABbfvYLv1ToyvxjFcgbfxW3_ZpCD9DvfyWlnIZxMVktpw=&xsec_source=pc_search', 'video_url': 'http://sns-video-bd.xhscdn.com/1040g00g31gj3537kji705on8mmllbbkeur4654o', 'image_list': 'http://sns-img-hw.xhscdn.com/1040g00831gj3537ljudg5on8mmllbbke0gnufc8!nd_dft_wlteh_jpg_3', 'tag_list': '进口洗发水,洗发水清仓捡漏,livingproof洗发水,缕灵洗发水,缕灵丰盈蓬松洗发水,缕灵每日圆满洗发水,livingproof蓬松洗护,livingproof缕灵,洗发水控油蓬松,细软塌洗发水推荐', 'author_id': '62e8b5ab000000001501ae8e', 'nickname': '小甜蜜丸子', 'last_update_time': '2025-04-22T21:25:59+00:00', 'liked_count': 2, 'collected_count': 1, 'comment_count': 1, 'share_count': 0, 'created_at': '2025-05-30T00:18:42.482094+00:00', 'brand_list': None, 'spu_list': None, 'emotion_dict': None, 'emotional_intensity_dict': None, 'note_id': '680798e60000000007034903', 'evaluation_dict': None}, {'id': 57, 'title': '每日圆满真的是圆满洗发水哦～', 'type': 'normal', 'desc': 'p2p3是我和我朋友的聊天记录，真的自己购买呜呜呜呜！\n我朋友油头用的是蓬松的那个系列，我当时纠结（因为我中性头皮），而且每日圆满还贵一点点，当然要纠结啦！\n但还是买了这个干及中性发质使用的每日圆满，事实证明真的没选错！\n〰️\n我朋友说的是使用它，掉发掉的少，并且很蓬松，四天没洗头都蓬松。\n但她不是大油头哦，如果是轻微油头，我觉得大家可以去买我朋友用的蓬松款。\n•\n我用的是每日圆满，蓬松且不会让头发发质干干的。\n很多洗发水蓬松就会让头皮、发尾变得很干，这个完全不会，果然呜呜呜贵有贵的道理！\n洗完吹干，不会让头发易打结，这点我也非常心水～\n•\n最后建议\n油头➡️蓬松系列\n中性干的➡️每日圆满', 'note_url': 'https://www.xiaohongshu.com/explore/631d7935000000001801909d?xsec_token=ABUupTehLyw_iPHbYT-Rkl8gvz67jJULzbdy2Cd6lGsXE=&xsec_source=pc_search', 'video_url': '', 'image_list': 'http://sns-img-hw.xhscdn.com/01029b016exrfjtpf82010tfh542nvpy8c!nd_dft_wlteh_jpg_3,http://sns-img-hw.xhscdn.com/01029b016exrfjtpf82010tfh543joi2pw!nd_dft_wgth_jpg_3,http://sns-img-hw.xhscdn.com/01029b016exrfjtpf82010tfh544b3iolh!nd_dft_wgth_jpg_3,http://sns-img-hw.xhscdn.com/01029b016exrfjtpf82010tfh545m9tzyq!nd_dft_wlteh_jpg_3', 'tag_list': '', 'author_id': '5986e70f5e87e70decbd3252', 'nickname': '林子大了', 'last_update_time': '2022-09-11T13:59:17+00:00', 'liked_count': 28, 'collected_count': 4, 'comment_count': 1, 'share_count': 3, 'created_at': '2025-05-30T00:18:42.647719+00:00', 'brand_list': None, 'spu_list': None, 'emotion_dict': None, 'emotional_intensity_dict': None, 'note_id': '631d7935000000001801909d', 'evaluation_dict': None}, {'id': 58, 'title': '洗完变绒绒', 'type': 'normal', 'desc': '#郑云龙Livingproof缕灵科技护发[话题]###见证每一缕灵动[话题]# #\n收到了“洗完变绒绒”套装，期待缕灵振救我的细软油头[飞吻R][飞吻R][飞吻R]', 'note_url': 'https://www.xiaohongshu.com/explore/6308c991000000001800ca3c?xsec_token=ABncRukOoTUwAvLSvGSshW8nIDgSmA--zC7pGMJ_dOU44=&xsec_source=pc_search', 'video_url': '', 'image_list': 'http://sns-img-hw.xhscdn.com/01028q01kjcrfswfwso0119vw9q0gto6k7!nd_dft_wlteh_jpg_3,http://sns-img-hw.xhscdn.com/01028q01kjcrfswfwso0119vw9q1jnkdw1!nd_dft_wlteh_jpg_3,http://sns-img-hw.xhscdn.com/01028q01kjcrfswfwso0119vw9q26rtg7p!nd_dft_wlteh_jpg_3', 'tag_list': '郑云龙Livingproof缕灵科技护发,见证每一缕灵动', 'author_id': '5e621e5800000000010013c8', 'nickname': '萍水相逢', 'last_update_time': '2022-08-26T21:24:33+00:00', 'liked_count': 27, 'collected_count': 1, 'comment_count': 3, 'share_count': 1, 'created_at': '2025-05-30T00:18:43.036034+00:00', 'brand_list': None, 'spu_list': None, 'emotion_dict': None, 'emotional_intensity_dict': None, 'note_id': '6308c991000000001800ca3c', 'evaluation_dict': None}]}
✅ 第2批AI分析完成!
📊 分析结果长度: 1962 字符
⚠️ 第2批结果解析失败: Extra data: line 48 column 1 (char 1628)
原始结果预览: [
  {
    "note_id": "630a3bed000000001b01ca5f",
    "analysis_result": {
      "brand_list": ["Living proof", "缕灵"],
      "spu_list": [],
      "emotion_dict": {"Living proof": "正向", "缕灵": "正向"},
  ...

🔄 处理第 3/20 批 (索引 10~14, 共 5 条)
📋 开始AI分析: 5 条笔记
📋 开始AI分析 crew_inputs: {'analysis_type': '小红书笔记情感分析 - 第3批', 'current_date': '2025-06-03 14:16:15', 'batch_size': 5, 'notes': [{'id': 61, 'title': '好美丽的💰！好伟大的洗发水！！', 'type': 'video', 'desc': '🇺🇸高端小众洗发——缕灵livingproof\n2折清啦！！[购物车R]\n\t\n对油扁塌的鲨伤力1000%\n头顶蓬松了真的好显发量啊～\n夏天来了 就很需要它来拯救我的油头\n再也不会油腻腻地贴头皮啦！\n#livingproof洗发水[话题]# #livingproof[话题]# #缕灵丰盈蓬松洗发水[话题]# #缕灵每日圆满洗发水[话题]# #哪种洗发水好用[话题]# #控油洗发水[话题]# #敏感头皮洗发水[话题]# #育发洗发水[话题]#  #洗发水控油蓬松[话题]# #洗发水清仓捡漏[话题]#', 'note_url': 'https://www.xiaohongshu.com/explore/681052890000000009039bd7?xsec_token=ABkXo3fbX0ViN_AyVnOVc6v-KOBphabvTZQcTAZsmo_L8=&xsec_source=pc_search', 'video_url': 'http://sns-video-bd.xhscdn.com/1040g2so31grjqpfsjik05on8mmllbbke46ha0io', 'image_list': 'http://sns-img-hw.xhscdn.com/1040g2sg31grjqpfvjik05on8mmllbbke4liqrm0!nd_dft_wlteh_jpg_3', 'tag_list': 'livingproof洗发水,livingproof,缕灵丰盈蓬松洗发水,缕灵每日圆满洗发水,哪种洗发水好用,控油洗发水,敏感头皮洗发水,育发洗发水,洗发水控油蓬松,洗发水清仓捡漏', 'author_id': '62e8b5ab000000001501ae8e', 'nickname': '小甜蜜丸子', 'last_update_time': '2025-04-29T12:16:10+00:00', 'liked_count': 0, 'collected_count': 0, 'comment_count': 1, 'share_count': 0, 'created_at': '2025-05-30T00:18:43.526637+00:00', 'brand_list': None, 'spu_list': None, 'emotion_dict': None, 'emotional_intensity_dict': None, 'note_id': '681052890000000009039bd7', 'evaluation_dict': None}, {'id': 62, 'title': '好用的洗发系列 (˵¯͒〰¯͒˵)', 'type': 'normal', 'desc': '①缕灵 想要蓬松控油的小伙伴可以试一下 味道属于白茶香那种[偷笑R]\n②Lush 山葵 这个也是属于蓬松那挂的 已经回购好几瓶了[派对R]\n③Lush 杂果宾治 味道偏柚子 也是控油[暗中观察R]\n④玉肌 玫瑰 就是那种鲜采玫瑰的味道 也是回购瓶了 控油[赞R]\n⑤马琳狗子 薄荷 这款感觉适合夏天多一点 么错 还是控油[微笑R]\n⑥卡诗 黑钻 改善毛躁的 味道嘛 你懂的[斜眼R]\n#洗发水推荐[话题]# #洗发水控油蓬松[话题]# #洗发水[话题]# #洗发水分享[话题]# #缕灵[话题]# #卡诗[话题]# #lush[话题]# #玉肌[话题]# #马林狗子[话题]#', 'note_url': 'https://www.xiaohongshu.com/explore/63788daa00000000100140a2?xsec_token=ABum0_e1x7wA5FDbGz-Zh_-nvhGdJy9zj7skBGp4UUW7Y=&xsec_source=pc_search', 'video_url': '', 'image_list': 'http://sns-img-hw.xhscdn.com/1000g0081jtm4o8aag00040p08b0k8a7u148rnr0!nd_dft_wgth_jpg_3', 'tag_list': '洗发水推荐,洗发水控油蓬松,洗发水,洗发水分享,缕灵,卡诗,lush,玉肌,马林狗子', 'author_id': '557301443f0f3c75d66328fe', 'nickname': 'MinKyo', 'last_update_time': '2024-05-28T00:22:24+00:00', 'liked_count': 1, 'collected_count': 1, 'comment_count': 2, 'share_count': 0, 'created_at': '2025-05-30T00:18:43.691519+00:00', 'brand_list': None, 'spu_list': None, 'emotion_dict': None, 'emotional_intensity_dict': None, 'note_id': '63788daa00000000100140a2', 'evaluation_dict': None}, {'id': 63, 'title': 'Livingproof缕灵开箱', 'type': 'normal', 'desc': '#郑云龙Livingproof缕灵科技护发[话题]# #Livingproof缕灵[话题]# #郑云龙[话题]# 拆开包装就闻到一股高级香 瓶子简约大气 帅哥大使又美又飚 瞬间心情都变好了 等使用后再来回反馈[飞吻R]', 'note_url': 'https://www.xiaohongshu.com/explore/63087647000000001b01f95f?xsec_token=ABncRukOoTUwAvLSvGSshW8pK7V0OKTXr-LkyRhot0B34=&xsec_source=pc_search', 'video_url': '', 'image_list': 'http://sns-img-hw.xhscdn.com/01028q016dvqpiwd4cf010x6wi20s5o53x!nd_dft_wgth_jpg_3,http://sns-img-hw.xhscdn.com/01028q016dvqpiwd4cf010x6wi21wm8dpp!nd_dft_wgth_jpg_3,http://sns-img-hw.xhscdn.com/01028q016dvqpiwd4cf010xcra20rdgcuf!nd_dft_wlteh_jpg_3', 'tag_list': '郑云龙Livingproof缕灵科技护发,Livingproof缕灵,郑云龙', 'author_id': '594702ab5e87e70ef1a60f3f', 'nickname': '地球是我的', 'last_update_time': '2022-08-26T15:33:43+00:00', 'liked_count': 28, 'collected_count': 2, 'comment_count': 12, 'share_count': 1, 'created_at': '2025-05-30T00:18:43.863513+00:00', 'brand_list': None, 'spu_list': None, 'emotion_dict': None, 'emotional_intensity_dict': None, 'note_id': '63087647000000001b01f95f', 'evaluation_dict': None}, {'id': 64, 'title': '头皮护理高端产品', 'type': 'normal', 'desc': '縷靈是頭髮用品的高端線產品\n後面兩張圖稍微調了下色為了能展示清楚清晰的白色乳狀產品\n而且配有專門的頭皮按摩器\n特別值得一提的就是這個小東西就貼心地在蓋子中放著\n不會像別的附件產品很快就找不到了\n洗完頭髮後用梳子將頭髮分縷\n在每個縫隙中按需點上\n用指腹輕揉按摩或者用按摩梳按摩\n對於發根和頭皮都有作用\n滋養頭皮又增厚發根\n乳狀還蠻友好\n不像我之前使用的頭皮養護多為水或者是油\n很容易滴落\n然後不油膩\n不會因為使用這個而導致頭髮變油或者扁塌\n反而第二天更加立體\n相對來說價格較高\n250元每天使用的話大概支撐一個月', 'note_url': 'https://www.xiaohongshu.com/explore/60c4fb59000000000102758e?xsec_token=AB1O3BdQv0WJ4UMtAdDKKPL5cyIsJZfRy8EQMp9JydcNY=&xsec_source=pc_search', 'video_url': '', 'image_list': 'http://sns-img-hw.xhscdn.com/958b026c-d1d3-3a83-a9f7-c1cfac13ec40!nd_dft_wlteh_jpg_3,http://sns-img-hw.xhscdn.com/43590695-381a-3fda-bd69-a6bd2fbd4896!nd_dft_wgth_jpg_3,http://sns-img-hw.xhscdn.com/32c7372d-e796-3fc3-8038-623f045ef7db!nd_dft_wlteh_jpg_3,http://sns-img-hw.xhscdn.com/ff45c132-7f92-3219-a821-3635bad8af25!nd_dft_wgth_jpg_3', 'tag_list': '', 'author_id': '5632c28803eb8444211a9961', 'nickname': '蝙蝠小婧婧', 'last_update_time': '2021-06-13T02:22:17+00:00', 'liked_count': 2, 'collected_count': 1, 'comment_count': 0, 'share_count': 0, 'created_at': '2025-05-30T00:20:25.497151+00:00', 'brand_list': None, 'spu_list': None, 'emotion_dict': None, 'emotional_intensity_dict': None, 'note_id': '60c4fb59000000000102758e', 'evaluation_dict': None}, {'id': 65, 'title': '跟着品牌大使郑云龙用缕灵，真不错', 'type': 'normal', 'desc': '#@Living proof缕灵 #见证每一缕灵动[话题]# #郑云龙Livingproof缕灵科技护发[话题]#', 'note_url': 'https://www.xiaohongshu.com/explore/630b76d2000000001b023cc2?xsec_token=ABak-UBzi9-rjekJY41f8rny7UEy6IaQX9w-g1cOPp8nU=&xsec_source=pc_search', 'video_url': '', 'image_list': 'http://sns-img-hw.xhscdn.com/01028s01krloa5zg2ya011bg6zqbbgjst0!nd_dft_wlteh_jpg_3,http://sns-img-hw.xhscdn.com/01028s01krloa5zg2ya011bg6zqaxrk8es!nd_dft_wlteh_jpg_3,http://sns-img-hw.xhscdn.com/01028s01krloa5zg2ya011bg6zq9vk5cur!nd_dft_wlteh_jpg_3', 'tag_list': '见证每一缕灵动,郑云龙Livingproof缕灵科技护发', 'author_id': '615bee7a000000001f0349f2', 'nickname': '绒化的甜甜圈', 'last_update_time': '2022-08-28T22:12:19+00:00', 'liked_count': 23, 'collected_count': 0, 'comment_count': 2, 'share_count': 0, 'created_at': '2025-05-30T00:20:25.691262+00:00', 'brand_list': None, 'spu_list': None, 'emotion_dict': None, 'emotional_intensity_dict': None, 'note_id': '630b76d2000000001b023cc2', 'evaluation_dict': None}]}
[91m Received None or empty response from LLM call.[00m
[91m An unknown error occurred. Please check the details below.[00m
[91m Error details: Invalid response from LLM call - None or empty.[00m
[91m An unknown error occurred. Please check the details below.[00m
[91m Error details: Invalid response from LLM call - None or empty.[00m
✅ 第3批AI分析完成!
📊 分析结果长度: 4118 字符
⚠️ 第3批结果解析失败: Extra data: line 54 column 1 (char 1599)
原始结果预览: [
  {
    "note_id": "681052890000000009039bd7",
    "analysis_result": {
      "brand_list": ["缕灵", "Livingproof"],
      "spu_list": ["丰盈蓬松洗发水", "每日圆满洗发水"],
      "emotion_dict": {"缕灵": "正向", "Livin...

🔄 处理第 4/20 批 (索引 15~19, 共 5 条)
📋 开始AI分析: 5 条笔记
📋 开始AI分析 crew_inputs: {'analysis_type': '小红书笔记情感分析 - 第4批', 'current_date': '2025-06-03 14:16:15', 'batch_size': 5, 'notes': [{'id': 66, 'title': '送我妈一瓶缕灵的蓬松喷雾当生日礼物', 'type': 'normal', 'desc': '借我爸送的玫瑰花当个献佛背景#蓬松喷雾[话题]# #干发喷雾[话题]# #缕灵[话题]#', 'note_url': 'https://www.xiaohongshu.com/explore/66500585000000001500a7b8?xsec_token=ABuh9DUUD9pY4hYBGEuwxi646h440RoUFbo2HpIxFqUvo=&xsec_source=pc_search', 'video_url': '', 'image_list': 'http://sns-img-hw.xhscdn.com/1040g2sg3135qtc9anodg5ol81jg6c31mlcn4s88!nd_dft_wlteh_jpg_3,http://sns-img-hw.xhscdn.com/1040g2sg3135qtc9anocg5ol81jg6c31mmo0h560!nd_dft_wlteh_jpg_3', 'tag_list': '蓬松喷雾,干发喷雾,缕灵', 'author_id': '62a80ce00000000019020c36', 'nickname': '马夫蒂纳比尤艾林', 'last_update_time': '2024-05-24T11:12:05+00:00', 'liked_count': 1, 'collected_count': 0, 'comment_count': 0, 'share_count': 0, 'created_at': '2025-05-30T00:20:25.881519+00:00', 'brand_list': None, 'spu_list': None, 'emotion_dict': None, 'emotional_intensity_dict': None, 'note_id': '66500585000000001500a7b8', 'evaluation_dict': None}, {'id': 86, 'title': 'livingproof缕灵洗发水', 'type': 'normal', 'desc': '#Livingproof缕灵[话题]# 之前就听说好用，上次活动错过了，这次先买了小样试试 味道香香的 确实挺蓬松的 摇头晃脑很舒服', 'note_url': 'https://www.xiaohongshu.com/explore/6416ead10000000011013167?xsec_token=ABURwjNK0B1qw9lmGCAJidTEPo_RWkHTO_MjcNMyC6YZQ=&xsec_source=pc_search', 'video_url': '', 'image_list': 'http://sns-img-hw.xhscdn.com/1000g0082789ka0afk06g5nsu2k0g87vplqe5tv8!nd_dft_wlteh_jpg_3,http://sns-img-hw.xhscdn.com/1000g0082789ka0afk0605nsu2k0g87vpmatj518!nd_dft_wgth_jpg_3,http://sns-img-hw.xhscdn.com/1000g0082789ka0afk05g5nsu2k0g87vpmg21ueo!nd_dft_wlteh_jpg_3', 'tag_list': 'Livingproof缕灵', 'author_id': '5f9e15010000000001001ff9', 'nickname': '七彩祥云小彩虹', 'last_update_time': '2023-03-19T18:58:25+00:00', 'liked_count': 2, 'collected_count': 0, 'comment_count': 0, 'share_count': 0, 'created_at': '2025-05-30T00:22:20.393984+00:00', 'brand_list': None, 'spu_list': None, 'emotion_dict': None, 'emotional_intensity_dict': None, 'note_id': '6416ead10000000011013167', 'evaluation_dict': None}, {'id': 68, 'title': 'Living proof缕灵免洗干发去油喷雾', 'type': 'normal', 'desc': '今天偶然逛街，看到T.j.maxx 有我想要的Living proof 去油干发喷雾，买来试试，价格很合适，原价39两瓶，现在19.9两瓶，另外一瓶是反重力定型造型喷雾，搭配起来效果很好。看到国内卖得挺贵的，200多一瓶🙊#干发免洗喷雾[话题]# #Livingproof[话题]# #去油喷雾[话题]# #干发蓬松喷雾[话题]# #蓬松喷雾[话题]# #免洗喷雾[话题]# #干发喷雾[话题]#', 'note_url': 'https://www.xiaohongshu.com/explore/643f00fd000000000800fbe0?xsec_token=ABtjvPenMLVOoMT3AfnWhEuHp-1-RpVOM6Lmrc3qbPsTU=&xsec_source=pc_search', 'video_url': '', 'image_list': 'http://sns-img-hw.xhscdn.com/03034j01kkfxdf4teue010a4oti0558nmu!nd_dft_wlteh_jpg_3,http://sns-img-hw.xhscdn.com/03034j01kkfxdf4teue010a4oti18tnkxm!nd_dft_wlteh_jpg_3,http://sns-img-hw.xhscdn.com/03034j01kkfxdf4teue010a4oti2dufpxu!nd_dft_wlteh_jpg_3,http://sns-img-hw.xhscdn.com/03034j01kkfxdf4teue010a4oti3fq73wg!nd_dft_wlteh_jpg_3', 'tag_list': '干发免洗喷雾,Livingproof,去油喷雾,干发蓬松喷雾,蓬松喷雾,免洗喷雾,干发喷雾', 'author_id': '5ec69b670000000001002066', 'nickname': '有点下头', 'last_update_time': '2023-04-19T05:08:16+00:00', 'liked_count': 7, 'collected_count': 1, 'comment_count': 0, 'share_count': 0, 'created_at': '2025-05-30T00:20:26.251644+00:00', 'brand_list': None, 'spu_list': None, 'emotion_dict': None, 'emotional_intensity_dict': None, 'note_id': '643f00fd000000000800fbe0', 'evaluation_dict': None}, {'id': 70, 'title': 'livingproof免洗喷雾，让我开心赴郑云龙之约', 'type': 'video', 'desc': '#郑云龙Livingproof缕灵科技护发[话题]# #见证每一缕灵动[话题]#\n和郑云龙国大有约，但是没有洗头怎么办，急急急！！！\n@Living proof缕灵 免洗喷雾，让你一分钟就能拥有清爽蓬松秀发[飞吻R][飞吻R][飞吻R]开心赴约', 'note_url': 'https://www.xiaohongshu.com/explore/630f3f1e000000000900e0c7?xsec_token=ABbZCOn7_xJCUxonVQYysypdXE1wtZ75OdF9JN7XWOoy8=&xsec_source=pc_search', 'video_url': 'http://sns-video-bd.xhscdn.com/01028v013fdhfy46ukh0214ob8z0p1mx5u', 'image_list': 'http://sns-img-hw.xhscdn.com/01028v013fdhfy46ukh0114ob910mvdn79!nd_dft_wlteh_jpg_3', 'tag_list': '郑云龙Livingproof缕灵科技护发,见证每一缕灵动', 'author_id': '54ab6ec22e1d931c3a375c41', 'nickname': 'DDDL', 'last_update_time': '2022-08-31T18:59:42+00:00', 'liked_count': 32, 'collected_count': 0, 'comment_count': 3, 'share_count': 0, 'created_at': '2025-05-30T00:20:26.60849+00:00', 'brand_list': None, 'spu_list': None, 'emotion_dict': None, 'emotional_intensity_dict': None, 'note_id': '630f3f1e000000000900e0c7', 'evaluation_dict': None}, {'id': 71, 'title': '“洗完变绒绒”套装收到啦', 'type': 'normal', 'desc': '先试用了喷雾，头发两天没洗已经有点贴头皮了，喷完揉一揉又变得干净蓬松了，很期待洗护系列～@Living proof缕灵 #郑云龙Livingproof缕灵科技护发[话题]# #见证每一缕灵动[话题]# #Livingproof[话题]#', 'note_url': 'https://www.xiaohongshu.com/explore/6308a788000000001702deb4?xsec_token=ABncRukOoTUwAvLSvGSshW8v1RQqhzgWw9gruiegtIJI8=&xsec_source=pc_search', 'video_url': '', 'image_list': 'http://sns-img-hw.xhscdn.com/01028q016ht7cgo7azk0114p6hu0r1sl85!nd_dft_wgth_jpg_3,http://sns-img-hw.xhscdn.com/01028q016ht7cgo7azk0114p6hu17rgn1e!nd_dft_wgth_jpg_3', 'tag_list': '郑云龙Livingproof缕灵科技护发,见证每一缕灵动,Livingproof', 'author_id': '5a165f80e8ac2b22239b0b60', 'nickname': '月亮猫的小星星', 'last_update_time': '2022-08-26T18:59:20+00:00', 'liked_count': 18, 'collected_count': 1, 'comment_count': 0, 'share_count': 0, 'created_at': '2025-05-30T00:20:26.771382+00:00', 'brand_list': None, 'spu_list': None, 'emotion_dict': None, 'emotional_intensity_dict': None, 'note_id': '6308a788000000001702deb4', 'evaluation_dict': None}]}
[93m Maximum iterations reached. Requesting final answer.[00m
✅ 第4批AI分析完成!
📊 分析结果长度: 1786 字符
📊 第4批解析成功，获得 5 条分析结果
💾 立即写入第4批分析结果到数据库...
📋 立即写入数据库 batch_json: [{"note_id": "66500585000000001500a7b8", "analysis_result": {"brand_list": ["缕灵"], "spu_list": ["缕灵的蓬松喷雾"], "emotion_dict": {"缕灵": "正向", "缕灵的蓬松喷雾": "正向"}, "evaluation_dict": {"缕灵": [], "缕灵的蓬松喷雾": []}}}, {"note_id": "6416ead10000000011013167", "analysis_result": {"brand_list": ["Livingproof缕灵"], "spu_list": [], "emotion_dict": {"Livingproof缕灵": "正向"}, "evaluation_dict": {"Livingproof缕灵": ["好用", "香香的", "蓬松的", "舒服"]}}}, {"note_id": "643f00fd000000000800fbe0", "analysis_result": {"brand_list": ["Living proof"], "spu_list": ["Living proof 去油干发喷雾", "Living proof 反重力定型造型喷雾"], "emotion_dict": {"Living proof": "正向", "Living proof 去油干发喷雾": "正向", "Living proof 反重力定型造型喷雾": "正向"}, "evaluation_dict": {"Living proof": ["价格很合适", "效果很好"], "Living proof 去油干发喷雾": ["价格很合适", "效果很好"], "Living proof 反重力定型造型喷雾": ["效果很好"]}}}, {"note_id": "630f3f1e000000000900e0c7", "analysis_result": {"brand_list": ["Livingproof", "缕灵"], "spu_list": ["Livingproof免洗喷雾"], "emotion_dict": {"Livingproof": "正向", "缕灵": "正向", "Livingproof免洗喷雾": "正向"}, "evaluation_dict": {"Livingproof": [], "缕灵": [], "Livingproof免洗喷雾": ["开心", "清爽", "蓬松", "一分钟"]}}}, {"note_id": "6308a788000000001702deb4", "analysis_result": {"brand_list": ["Living proof"], "spu_list": ["Living proof 喷雾"], "emotion_dict": {"Living proof": "正向", "Living proof 喷雾": "正向"}, "evaluation_dict": {"Living proof": ["期待"], "Living proof 喷雾": ["干净蓬松", "蓬松"]}}}]
✅ 第4批数据库写入完成: 5 条
📊 第4批处理结果: AI分析 5 条 → 数据库写入 5 条

🔄 处理第 5/20 批 (索引 20~24, 共 5 条)
📋 开始AI分析: 5 条笔记
📋 开始AI分析 crew_inputs: {'analysis_type': '小红书笔记情感分析 - 第5批', 'current_date': '2025-06-03 14:16:15', 'batch_size': 5, 'notes': [{'id': 49, 'title': '洗出高楼大厦🌴般的高颅顶！！', 'type': 'video', 'desc': '能把细软塌头发立起来的洗发水\n不得不提到他们家的蓬蓬肽黑科技\n是真🐮哇\n🇺🇸进口的沙龙洗护\n真的有在好好研究控油！\n\t\n#洗发水控油蓬松[话题]# #控油蓬松[话题]# #油头救星[话题]# #livingproof洗发水[话题]# #缕灵丰盈蓬松洗发水[话题]# #缕灵洗发水[话题]# #livingproof缕灵[话题]# #洗发水推荐[话题]# #控油洗发水[话题]# #油头洗发水[话题]#', 'note_url': 'https://www.xiaohongshu.com/explore/6837058d000000002100dcf6?xsec_token=ABvwukNy_jAJ19WQBVRWKtZXTX4KKayrcB_PsNYBNzuTA=&xsec_source=pc_search', 'video_url': 'http://sns-video-bd.xhscdn.com/1040g2so31i1dd876n0kg5ojp1jj5at2vblj6r3g', 'image_list': 'http://sns-img-hw.xhscdn.com/1040g00831i1dd875ne6g5ojp1jj5at2vve3i90g!nd_dft_wlteh_jpg_3', 'tag_list': '洗发水控油蓬松,控油蓬松,油头救星,livingproof洗发水,缕灵丰盈蓬松洗发水,缕灵洗发水,livingproof缕灵,洗发水推荐,控油洗发水,油头洗发水', 'author_id': '62790ce6000000001501745f', 'nickname': 'bellaaaa', 'last_update_time': '2025-05-28T20:46:05+00:00', 'liked_count': 2, 'collected_count': 0, 'comment_count': 0, 'share_count': 0, 'created_at': '2025-05-30T00:18:41.261691+00:00', 'brand_list': None, 'spu_list': None, 'emotion_dict': None, 'emotional_intensity_dict': None, 'note_id': '6837058d000000002100dcf6', 'evaluation_dict': None}, {'id': 10, 'title': '试过了，去油蓬松是真的很绝❗️清仓', 'type': 'normal', 'desc': '用过的都爱吧～\n源价是真贵，清仓还不错\n数量不多，去冲去冲～\n#清仓特价[话题]# #洗发水测评[话题]# #控油蓬松[话题]# #洗发水红榜[话题]# #蓬松洗发水[话题]# #控油洗发水[话题]# #干发喷雾[话题]# #livingproof[话题]# #缕灵[话题]# #临期美妆[话题]# #护发养发[话题]# #回购清单[话题]#', 'note_url': 'https://www.xiaohongshu.com/explore/682402ec0000000022025469?xsec_token=ABUSIp33iqyrOf0zy4DHnNb0W3iQ7xTOS1MC1_XZKaPN4=&xsec_source=pc_search', 'video_url': '', 'image_list': 'http://sns-img-hw.xhscdn.com/notes_pre_post/1040g3k031hercnii3u005o7jjpqg8jrea4lar2g!nd_dft_wlteh_jpg_3,http://sns-img-hw.xhscdn.com/notes_pre_post/1040g3k031hercnii3u0g5o7jjpqg8jren9p1e7g!nd_dft_wlteh_jpg_3,http://sns-img-hw.xhscdn.com/notes_pre_post/1040g3k031hercnii3u105o7jjpqg8jrekldqv68!nd_dft_wlteh_jpg_3', 'tag_list': '清仓特价,洗发水测评,控油蓬松,洗发水红榜,蓬松洗发水,控油洗发水,干发喷雾,livingproof,缕灵,临期美妆,护发养发,回购清单', 'author_id': '60f39e750000000001004f6e', 'nickname': '每天想退休', 'last_update_time': '2025-05-14T10:41:49+00:00', 'liked_count': 1, 'collected_count': 1, 'comment_count': 0, 'share_count': 1, 'created_at': '2025-05-30T00:15:17.629074+00:00', 'brand_list': None, 'spu_list': None, 'emotion_dict': None, 'emotional_intensity_dict': None, 'note_id': '682402ec0000000022025469', 'evaluation_dict': None}, {'id': 6, 'title': '避雷天猫livingproof', 'type': 'normal', 'desc': '买了一套他家洗发水 第一次寄来是漏的\n然后说补偿25元 但是我不想要就拒绝\n所以换货了 但是二次换回来的还是漏的\n看着还是原来那个漏的\n要不是心疼我辛辛苦苦抢的李佳琦红包\n我就真的退了 这么无良的商家真恶心\n#livingproof[话题]#', 'note_url': 'https://www.xiaohongshu.com/explore/67245bc8000000001a01ff7d?xsec_token=ABaCoQ9KslyhiLvwfoz60TF5WIxJYKLmWrGNP9ARdOQVE=&xsec_source=pc_search', 'video_url': '', 'image_list': 'http://sns-img-hw.xhscdn.com/1040g2sg319l6eb40n2705nkbf1n089hp818h97g!nd_dft_wlteh_jpg_3,http://sns-img-hw.xhscdn.com/1040g2sg319l6eb40n27g5nkbf1n089hp7aobmuo!nd_dft_wlteh_jpg_3', 'tag_list': 'livingproof', 'author_id': '5e8b786e0000000001002639', 'nickname': '啾了个啾', 'last_update_time': '2024-11-01T12:40:41+00:00', 'liked_count': 8, 'collected_count': 0, 'comment_count': 1, 'share_count': 1, 'created_at': '2025-05-30T00:15:16.795353+00:00', 'brand_list': None, 'spu_list': None, 'emotion_dict': None, 'emotional_intensity_dict': None, 'note_id': '67245bc8000000001a01ff7d', 'evaluation_dict': None}, {'id': 109, 'title': '选洗发水选疯了 livingproof狠狠避雷', 'type': 'normal', 'desc': '如题，孩子真的要疯了，贵价一点的洗发水试了livingproof，欧舒丹，欧舒丹洗完还算舒服，但是livingproof真的……洗完很干涩，而且也没有很蓬松，第二天就已经油了，甚至不如我用的十几块钱五百毫升的蜂花绿瓶……\n明天再试试大卫尼斯那款[哭惹R]#哪种洗发水好用[话题]# #油头洗发水[话题]# #洗发水分享[话题]#', 'note_url': 'https://www.xiaohongshu.com/explore/67bee1aa000000000900c6c1?xsec_token=ABcg1ZuQd2I7y7z6Ar4PNT2l0taZSLtI7ARxJMhrqeVvg=&xsec_source=pc_search', 'video_url': '', 'image_list': 'http://sns-img-hw.xhscdn.com/1040g2sg31ec39b85h0d04bmai16t9fhra42r6sg!nd_dft_wgth_jpg_3', 'tag_list': '哪种洗发水好用,油头洗发水,洗发水分享', 'author_id': '5bd84dd4abfea200011fbe3b', 'nickname': '夜行', 'last_update_time': '2025-02-26T17:40:59+00:00', 'liked_count': 1, 'collected_count': 0, 'comment_count': 0, 'share_count': 0, 'created_at': '2025-05-30T00:24:05.746886+00:00', 'brand_list': None, 'spu_list': None, 'emotion_dict': None, 'emotional_intensity_dict': None, 'note_id': '67bee1aa000000000900c6c1', 'evaluation_dict': None}, {'id': 110, 'title': '产后三个月漂发护理产品实测', 'type': 'normal', 'desc': '威娜夜间精华乳：自己使用下来并没有感觉发丝很顺滑，但是对修复断发挺不错的，漂完断发情况减少很多\n缕灵免洗护发乳：一般 无功无过\nk18免洗发膜：传闻对漂发可以起到深度修复，其核心成分是k18肽，是一种仿生肽，能够深入修复头发角蛋白结构，可能需要长期使用，目前使用两次，效果还没有特别明显\nepres修复液：会回购的产品。浓浓的精华包裹头发过夜，心理层面起到了很好的安慰作用\nphilipb头皮预洗精华：听到精华就走不动道，虽然洗头步骤会麻烦了点，但我的产后脱发没有很严重，不知道和这个有没有关系\nolaplex4号5号:漂发必入，已经是家里囤货了#护发养发[话题]# #头皮精华[话题]# #护发心得分享[话题]# #干枯毛躁好物[话题]# #护发如护肤[话题]# #洗护[话题]# #护发好物[话题]# #护发养发头发护理[话题]# #自己在家漂发[话题]#', 'note_url': 'https://www.xiaohongshu.com/explore/67c5a890000000000d017efa?xsec_token=ABQLTRe-W0TuDZrudM9kqRgGeAuPK0jw9DKLIChtJ7pm4=&xsec_source=pc_search', 'video_url': '', 'image_list': 'http://sns-img-hw.xhscdn.com/notes_pre_post/1040g3k031eimooft10005of07c58c3vcbjsmoro!nd_dft_wlteh_jpg_3', 'tag_list': '护发养发,头皮精华,护发心得分享,干枯毛躁好物,护发如护肤,洗护,护发好物,护发养发头发护理,自己在家漂发', 'author_id': '61e03b0a0000000021020fec', 'nickname': '玉米粒', 'last_update_time': '2025-03-03T21:04:07+00:00', 'liked_count': 198, 'collected_count': 58, 'comment_count': 12, 'share_count': 4, 'created_at': '2025-05-30T00:24:05.912688+00:00', 'brand_list': None, 'spu_list': None, 'emotion_dict': None, 'emotional_intensity_dict': None, 'note_id': '67c5a890000000000d017efa', 'evaluation_dict': None}]}
✅ 第5批AI分析完成!
📊 分析结果长度: 2 字符
⚠️ 第5批结果解析失败: Expecting value: line 3 column 1 (char 2)
原始结果预览: 

...

🔄 处理第 6/20 批 (索引 25~29, 共 5 条)
📋 开始AI分析: 5 条笔记
📋 开始AI分析 crew_inputs: {'analysis_type': '小红书笔记情感分析 - 第6批', 'current_date': '2025-06-03 14:16:15', 'batch_size': 5, 'notes': [{'id': 121, 'title': '洗护分享，真真切切都是自己的用后感#洗护[话题]# #洗护好物[话题]# #洗护推荐[话题]# #洗发水推荐[话题]#', 'type': 'video', 'desc': '洗护分享，真真切切都是自己的用后感#洗护[话题]# #洗护好物[话题]# #洗护推荐[话题]# #洗发水推荐[话题]#', 'note_url': 'https://www.xiaohongshu.com/explore/668510d6000000001e010c39?xsec_token=ABTcy6ioxS1S-Ra5Ztszr5uEaUKSpr0RuG8BfqLRNG9UI=&xsec_source=pc_search', 'video_url': 'http://sns-video-bd.xhscdn.com/pre_post/1040g2t0314pkgg4q0q704a3to0hn51fce6gice0', 'image_list': 'http://sns-img-hw.xhscdn.com/1040g2sg314pkhddtgq704a3to0hn51fcplr8mi0!nd_dft_wlteh_jpg_3', 'tag_list': '洗护,洗护好物,洗护推荐,洗发水推荐', 'author_id': '5ab8637211be1023c4e785ec', 'nickname': '曹赢心', 'last_update_time': '2024-07-03T16:50:31+00:00', 'liked_count': 31, 'collected_count': 11, 'comment_count': 5, 'share_count': 4, 'created_at': '2025-05-30T00:24:07.842971+00:00', 'brand_list': None, 'spu_list': None, 'emotion_dict': None, 'emotional_intensity_dict': None, 'note_id': '668510d6000000001e010c39', 'evaluation_dict': None}, {'id': 111, 'title': '🇨🇦真诚发问：没有人认识这个牌子吗？', 'type': 'normal', 'desc': '真的没有人在Sephora见过它吗🤨\n客人问我这是什么牌子这么贵\n我在思考🤔\n这个牌子在Sephora应该很火的亚子才对吧\n原价超级贵诶\n难道我们又进了只有我们自己觉得不错的东西吗🙂\n\t\n#GenCBeauty[话题]# #密西沙加生活[话题]# #多伦多生活[话题]# #加拿大最低价[话题]# #护发[话题]# #livingproof[话题]#  #觉得很好用[话题]# #全天然成分[话题]# #小众控的好品[话题]# #不是广不是广[话题]# #不允许你不知道[话题]# #闭眼入[话题]# #发现新事物[话题]# #出乎意料的发现[话题]#', 'note_url': 'https://www.xiaohongshu.com/explore/681bc7dd000000000303a428?xsec_token=ABx59byIRnf5TI8jAc9PLDPJApIPKGeDf5WQgtwSJPgW0=&xsec_source=pc_search', 'video_url': '', 'image_list': 'http://sns-img-hw.xhscdn.com/notes_pre_post/1040g3k031h6q88p6ju005p5n8dpl7lejgim2mc0!nd_dft_wgth_jpg_3,http://sns-img-hw.xhscdn.com/notes_pre_post/1040g3k031h6q88p6ju0g5p5n8dpl7lejl0tobkg!nd_dft_wgth_jpg_3', 'tag_list': 'GenCBeauty,密西沙加生活,多伦多生活,加拿大最低价,护发,livingproof,觉得很好用,全天然成分,小众控的好品,不是广不是广,不允许你不知道,闭眼入,发现新事物,出乎意料的发现', 'author_id': '64b74373000000001403d5d3', 'nickname': '小跟班和她不死心的老板', 'last_update_time': '2025-05-08T04:51:42+00:00', 'liked_count': 21, 'collected_count': 8, 'comment_count': 55, 'share_count': 0, 'created_at': '2025-05-30T00:24:06.069505+00:00', 'brand_list': None, 'spu_list': None, 'emotion_dict': None, 'emotional_intensity_dict': None, 'note_id': '681bc7dd000000000303a428', 'evaluation_dict': None}, {'id': 59, 'title': '册那‼️打到79💰！官方200+没下来过。。', 'type': 'video', 'desc': '谁懂！缕灵蓬松的效果让我服的透透的！\n不是拔干的单纯去油\n而且带有轻盈水润感的蓬松！\n头皮巨清爽 头发根根分明！\n\t\n挤出来是流动性很强的啫喱质地\n很高级的清香～\n洗完三天 发丝还带着若有若无的香气\n这个折扣性价比拉满了！保税仓发的！\n\t\n#livingproof洗发水[话题]# #Livingproof缕灵[话题]# #洗发水控油蓬松[话题]# #缕灵丰盈蓬松洗发水[话题]# #养发高端局[话题]# #洗发水去屑止痒控油蓬松[话题]# #洗发水618[话题]# #进口洗发水[话题]# #头发油用什么洗发水[话题]#', 'note_url': 'https://www.xiaohongshu.com/explore/682eb413000000000f031ab2?xsec_token=ABbuh-n7z5JY3TJH0YWJaaXKGKZJw5GjNqr163yev3PI8=&xsec_source=pc_search', 'video_url': 'http://sns-video-bd.xhscdn.com/1040g00g31hp94qpv3s6g5on8mmllbbke9l2us4o', 'image_list': 'http://sns-img-hw.xhscdn.com/1040g2sg31hp94qprji9g5on8mmllbbkehgp38s0!nd_dft_wlteh_jpg_3', 'tag_list': 'livingproof洗发水,Livingproof缕灵,洗发水控油蓬松,缕灵丰盈蓬松洗发水,养发高端局,洗发水去屑止痒控油蓬松,洗发水618,进口洗发水,头发油用什么洗发水', 'author_id': '62e8b5ab000000001501ae8e', 'nickname': '小甜蜜丸子', 'last_update_time': '2025-05-22T13:20:19+00:00', 'liked_count': 0, 'collected_count': 0, 'comment_count': 1, 'share_count': 0, 'created_at': '2025-05-30T00:18:43.20419+00:00', 'brand_list': None, 'spu_list': None, 'emotion_dict': None, 'emotional_intensity_dict': None, 'note_id': '682eb413000000000f031ab2', 'evaluation_dict': None}, {'id': 113, 'title': '洗发水吐槽', 'type': 'normal', 'desc': 'living proof洗发水，属于老网红了吧。我觉得好难用啊，即时效果干，但是又不持久控油，起泡少，每次用都挤很多……\n#洗护[话题]# #', 'note_url': 'https://www.xiaohongshu.com/explore/6728a914000000001b010a70?xsec_token=ABVfWrpBePFYEQ1Pq6Tz3fZfnQib15lchBTOJdXhB-wgY=&xsec_source=pc_search', 'video_url': '', 'image_list': 'http://sns-img-hw.xhscdn.com/1040g2sg319pcs94qmm704a0ldi71qs0ughu1om0!nd_dft_wlteh_jpg_3', 'tag_list': '洗护', 'author_id': '5a4dce1d4eacab494e03701e', 'nickname': 'YeShhhhyyy', 'last_update_time': '2024-11-04T18:59:32+00:00', 'liked_count': 2, 'collected_count': 0, 'comment_count': 5, 'share_count': 0, 'created_at': '2025-05-30T00:24:06.451016+00:00', 'brand_list': None, 'spu_list': None, 'emotion_dict': None, 'emotional_intensity_dict': None, 'note_id': '6728a914000000001b010a70', 'evaluation_dict': None}, {'id': 114, 'title': '近期使用的头发洗护', 'type': 'normal', 'desc': '[举手R]简单说下自己的头发状况，隔天洗一次，再久就会很油，沙发但是偏细软，发质看上去好坏程度非常看天气。\n‼️以下1-5是洗发水，6-8是护发产品‼️\n[一R]韩国kundal洗发水和护发素\n买了一套都是蜂蜜坚果的，味道是粉红葡萄柚香\n我偏爱柑橘调的香味，所以这套的味道非常喜欢，\n偏滋润的质地，护发素用完挺顺滑的，\n整体中规中矩，适合头发没啥问题，又不知道用什么的时候的选择\n\t\n[二R]Giovanni茶树油洗发水\n带薄荷感🍃，但又不会特别刺激，天气热的时候特别喜欢用这瓶\n有种洗完之后特别干净的感觉，但又不至于很干涩，这瓶我用得特别快，\n我一般会同时用几种洗发水的，但天气一热，每次洗头发都会很随手拿起这瓶\n\t\n[三R]Living Proof丰盈蓬松洗发水\n有段时候总感觉头发油油的，看到广告就下手了\n味道一闻就是：啊是泥膜！的感觉，闻起来就感觉清洁力很厉害哈哈哈\n使用效果对我来说一般，用完后发尾非常干涩，一定要用护发素\n使用后头皮虽然有干净感，但是发根处没太有蓬松感\n\t\n[四R]薇姿绿标洗发水\n这瓶是之前染完发后怀疑自己有溢脂性皮炎（有头屑、还有头油味），但应该是轻微的，搜到了这瓶\n[彩虹R]它的味道像药味，不臭，挺上头的，使用感非常喜欢，它用完后是真的有头发干净蓬松了的感觉，但发尾肯定还是干涩，不过没有livingproof那么干，是可以不用护发素，但吹头发的时候要抹点发油的程度，用了大半个月吧，感觉没什么头皮屑了\n就是不知道健康头皮能不能用\n\t\n[五R]Offrelax头皮预洗凝露\n说到头皮有油味，当时也是搜了很多相关的洗护产品，搜到了这个\n看名字就知道了，专门针对头皮清洁的，它的质地像水，香味非常重，感觉用完这个香气完全能盖住头油味，开始用的几次使用感很好，也是感觉洗完很干净，头发蓬松了，但是用几次之后就没有开始的那种惊艳感了，难道是所谓的‘抗药性’？\n\t\n[六R]NIUCOCO的椰油发油\n感觉是目前为止用过最好用的发油[红色心形R]，\n之前有用过一些发油，会有那种抹是抹上了，但只是覆盖在头发表面，没有吸收进去的感觉，不知道你们有没有试过，但这瓶用的时候就是觉得真能吸收进去[okR]\n味道闻着不像香精，已经回购过两三瓶了\n\t\n[彩虹R]剩下的写不完放P10了‼️\n\t\n#护发好物[话题]# #洗发[话题]# #护发[话题]# #洗护[话题]#', 'note_url': 'https://www.xiaohongshu.com/explore/6830266500000000230112f5?xsec_token=ABXtemgv23Pae02vDTa51FvfoVaqxAhOWgfBlEonSNa5s=&xsec_source=pc_search', 'video_url': '', 'image_list': 'http://sns-img-hw.xhscdn.com/notes_pre_post/1040g3k831hqmplvujae05nv84v30bv0tstgm528!nd_dft_wlteh_jpg_3,http://sns-img-hw.xhscdn.com/notes_pre_post/1040g3k831hqmplvujaeg5nv84v30bv0tqini3n0!nd_dft_wlteh_jpg_3,http://sns-img-hw.xhscdn.com/notes_pre_post/1040g3k831hqmplvujaf05nv84v30bv0to3nj4mo!nd_dft_wlteh_jpg_3,http://sns-img-hw.xhscdn.com/notes_pre_post/1040g3k831hqmplvujafg5nv84v30bv0t76kjro8!nd_dft_wlteh_jpg_3,http://sns-img-hw.xhscdn.com/notes_pre_post/1040g3k831hqmplvujag05nv84v30bv0tu448dso!nd_dft_wlteh_jpg_3,http://sns-img-hw.xhscdn.com/notes_pre_post/1040g3k831hqmplvujagg5nv84v30bv0t38i58n8!nd_dft_wlteh_jpg_3,http://sns-img-hw.xhscdn.com/notes_pre_post/1040g3k831hqmplvujah05nv84v30bv0t9o8rjtg!nd_dft_wlteh_jpg_3,http://sns-img-hw.xhscdn.com/notes_pre_post/1040g3k831hqmplvujahg5nv84v30bv0tr992378!nd_dft_wlteh_jpg_3,http://sns-img-hw.xhscdn.com/notes_pre_post/1040g3k831hqmplvujai05nv84v30bv0to7ganvg!nd_dft_wlteh_jpg_3,http://sns-img-hw.xhscdn.com/notes_pre_post/1040g3k831hqmplvujaig5nv84v30bv0th16og2o!nd_dft_wlteh_jpg_3', 'tag_list': '护发好物,洗发,护发,洗护', 'author_id': '5fe827c6000000000101fc1d', 'nickname': '吃好喝好玩得开心', 'last_update_time': '2025-05-23T15:40:21+00:00', 'liked_count': 6, 'collected_count': 1, 'comment_count': 0, 'share_count': 0, 'created_at': '2025-05-30T00:24:06.615179+00:00', 'brand_list': None, 'spu_list': None, 'emotion_dict': None, 'emotional_intensity_dict': None, 'note_id': '6830266500000000230112f5', 'evaluation_dict': None}]}
✅ 第6批AI分析完成!
📊 分析结果长度: 2 字符
⚠️ 第6批结果解析失败: Expecting value: line 3 column 1 (char 2)
原始结果预览: 

...

🔄 处理第 7/20 批 (索引 30~34, 共 5 条)
📋 开始AI分析: 5 条笔记
📋 开始AI分析 crew_inputs: {'analysis_type': '小红书笔记情感分析 - 第7批', 'current_date': '2025-06-03 14:16:15', 'batch_size': 5, 'notes': [{'id': 115, 'title': 'Livingproof也太难用了', 'type': 'normal', 'desc': '这个价位还能有这么难用的洗发水，起泡少，洗完了头痒和起头皮屑，200多买200ml左右，价不配位，盲选同价位的最多是无功无过，这款怎么难用成这样？？？', 'note_url': 'https://www.xiaohongshu.com/explore/66f77b83000000001b023240?xsec_token=ABdr83k4uu73tgm-MHl9ZPNYeEOJercQdAQ0DE2xmHdAo=&xsec_source=pc_search', 'video_url': '', 'image_list': 'http://sns-img-hw.xhscdn.com/1040g0083189c29bfkc0g5pelc6l1ebagoscsp3o!nd_dft_wlteh_jpg_3', 'tag_list': '', 'author_id': '65d561aa0000000005032d50', 'nickname': '🐰🐶', 'last_update_time': '2024-09-28T11:44:03+00:00', 'liked_count': 11, 'collected_count': 9, 'comment_count': 21, 'share_count': 3, 'created_at': '2025-05-30T00:24:06.794558+00:00', 'brand_list': None, 'spu_list': None, 'emotion_dict': None, 'emotional_intensity_dict': None, 'note_id': '66f77b83000000001b023240', 'evaluation_dict': None}, {'id': 116, 'title': '618李佳琦直播间孕妇🉑用 洗发水篇', 'type': 'normal', 'desc': '【洗发水】\n佳琦带到的洗发水不多，我都截图在上面了，比较多是有去屑功能的\n去屑洗发水常添加水杨酸，水杨酸成分是孕妇禁用的，备孕姐妹们下单谨慎选择~\n\t\n后面几个是我自用过好用，不含孕妇禁用成分的洗发水。\n\t\n我是沙发强受损发质，头发干枯毛燥，但是很多修护类洗发水洗完头皮很闷，黏黏的，自用的几个都是洗感清爽的~\n\t\n目前自用的是爱露梦茶树洗发水，含水杨酸，不过洗完头皮很有凉感，像开空调，太喜欢了[捂脸R]暂时先用着吧[笑哭R]\n\t\n以下就是不含孕妇🚫用成分，自用过好用的洗发水：\n\t\n三生花防脱，之前试过小样，很好用，泡泡丰富，洗完头发不涩，头皮干爽！\n\t\nLivingproof缕灵蓬松洗感好，没什么香味，洗完头发相对偏涩，回购过一次；\n\t\n康如芒果，味道好闻，泡泡一般，主要喜欢味道；\n\t\nfan beauty diary 白檀洗发水也是味道好闻；\n\t\n👄喜欢Olaplex欧拉裴4号洗发水，之前连续回购了三瓶，洗感好，香味好，洗完头发不干，并且控油时间久，大约3天头发都不油~\n以上内容给备孕姐妹们参考！\n\t\n还是那句话，护肤品添加量有限，是否使用取决于个人选择。介意的姐妹可以谨慎购入，不介意就无所谓的啦~#洗发水[话题]# #618[话题]# #李佳琦[话题]# #备孕好物[话题]# #孕妇可用[话题]#', 'note_url': 'https://www.xiaohongshu.com/explore/68240e22000000002001c752?xsec_token=ABUSIp33iqyrOf0zy4DHnNb83Wa5dV0E6tkmhIuQHbTwg=&xsec_source=pc_search', 'video_url': '', 'image_list': 'http://sns-img-hw.xhscdn.com/notes_pre_post/1040g3k831hesf4rrjo5g49emmil2ctn5q5dohhg!nd_dft_wlteh_jpg_3,http://sns-img-hw.xhscdn.com/notes_pre_post/1040g3k831hesf4rrjo3049emmil2ctn5ce5kd4o!nd_dft_wlteh_jpg_3,http://sns-img-hw.xhscdn.com/notes_pre_post/1040g3k831hesf4rrjo2049emmil2ctn5f031af0!nd_dft_wlteh_jpg_3,http://sns-img-hw.xhscdn.com/notes_pre_post/1040g3k831hesf4rrjo3g49emmil2ctn5umk4thg!nd_dft_wlteh_jpg_3,http://sns-img-hw.xhscdn.com/notes_pre_post/1040g3k831hesf4rrjo4049emmil2ctn5f9iq0m0!nd_dft_wlteh_jpg_3,http://sns-img-hw.xhscdn.com/notes_pre_post/1040g3k831hesf4rrjo6g49emmil2ctn55b6ajbo!nd_dft_wlteh_jpg_3,http://sns-img-hw.xhscdn.com/notes_pre_post/1040g3k831hesf4rrjo4g49emmil2ctn526vo48o!nd_dft_wlteh_jpg_3,http://sns-img-hw.xhscdn.com/notes_pre_post/1040g3k831hesf4rrjo5049emmil2ctn5rks85j0!nd_dft_wlteh_jpg_3', 'tag_list': '洗发水,618,李佳琦,备孕好物,孕妇可用', 'author_id': '5903ea2650c4b457349676e5', 'nickname': 'pupu👄brave', 'last_update_time': '2025-05-14T11:29:39+00:00', 'liked_count': 252, 'collected_count': 208, 'comment_count': 126, 'share_count': 40, 'created_at': '2025-05-30T00:24:06.946678+00:00', 'brand_list': None, 'spu_list': None, 'emotion_dict': None, 'emotional_intensity_dict': None, 'note_id': '68240e22000000002001c752', 'evaluation_dict': None}, {'id': 118, 'title': '我洗一次头要用到的东西', 'type': 'normal', 'desc': '头顶油发尾糙的可以试试，亲测有效\n\t\n1.offrelax滋润发膜\n这个我推荐了好几次了，真的很好用\n他家有两个版本的，我会更喜欢滋润版，效果对我来说会更好\n洗完头后，库库挤几圈往发尾抹就行，都不需要等多久，也没啥手法\n不用害怕油腻不好吸收啥的\n他家这个算是滋润型发膜中的清流了 很清爽很清爽\n抹上然后用一根皮筋扎起来 洗完澡后冲掉就可以\n用完后吹完头发，头发巨巨巨巨顺亮，都不需要用护发精油了，\n而且他不是假润，第二天起来头发还是有光泽的那种\n我超级喜欢，每次出去玩为了拍照好看我都要早上洗头，为了用这个发膜……\n\t\n2.living proof 洗发水\n这个控油效果真的好，我是大油头，洗完能三天不洗头，还不会臭\n而且会让我的头发特别特别蓬松！！洗感也不错，我会回购！！！！\n而且这个很适合需要做造型的，这个洗完很好做造型！！！！\n\t\n3.sudtana头皮精华\n头油头痒头皮会长痘痘的推荐，性价比很高\n而且真的很有用\n洗头前用，精油质地，其实挺轻薄的，滴在头皮上按摩15分钟左右再去洗掉\n坚持用个几次，可以很好的改善头皮环境\n我很容易像头皮屑和痘痘，一出现这种情况我就用这个，几次就好了，坚持用头皮出油也会好很多！！买的值！！！！\n\t\n4.睡眠发圈＋真丝枕头套\n这两个都是真丝的，发圈安利了无数次，头发粗糙容易掉头发睡前绑起来，可以减少掉发！！\n真丝枕套也是一样的道理，可以让发质变好，也会减少头发和枕套之间的摩擦！！减少掉头发！！！！\n\t\n#offrelax发膜[话题]# #livingproof洗发水[话题]# #sudtana头皮精华[话题]# #睡眠发圈[话题]# #真丝枕套[话题]# #发膜推荐[话题]##头发护理[话题]##洗发水推荐[话题]##烫染受损[话题]#', 'note_url': 'https://www.xiaohongshu.com/explore/66bc811b000000001e01935f?xsec_token=ABDSuRdHU_vBu33Los1osVfb0goVvA4dAwlFb_7u99_0Q=&xsec_source=pc_search', 'video_url': '', 'image_list': 'http://sns-img-hw.xhscdn.com/1040g2sg316fnp7pfgm0g5p94nc3qjaang18mhn8!nd_dft_wlteh_jpg_3', 'tag_list': 'offrelax发膜,livingproof洗发水,sudtana头皮精华,睡眠发圈,真丝枕套,发膜推荐,头发护理,洗发水推荐,烫染受损', 'author_id': '6524bb07000000002a01a957', 'nickname': '龙卷风吹毁停车场', 'last_update_time': '2024-08-17T22:23:40+00:00', 'liked_count': 1247, 'collected_count': 603, 'comment_count': 66, 'share_count': 40, 'created_at': '2025-05-30T00:24:07.322026+00:00', 'brand_list': None, 'spu_list': None, 'emotion_dict': None, 'emotional_intensity_dict': None, 'note_id': '66bc811b000000001e01935f', 'evaluation_dict': None}, {'id': 120, 'title': '救命🆘我用伊索洗发露', 'type': 'normal', 'desc': '怎么刚洗完吹干就头皮屑爆炸啊[哭惹R]谁能给我推荐一款不起头皮屑的洗发水啊，能让我两天不油头就行[笑哭R]\n施巴去屑❌\n薇姿绿标❌\nBOTANIST蓓甜诗洗发水植物学家（比上面两款好点）\nLivingproof丰盈 还是起头屑\n馥绿德雅清润舒缓比绿珠那个稍好点 还是起头屑\nAveda紫色瓶子的❌\nAlra 用一次气的我直接扔了❌❌❌\n到底什么洗发水才适合我啊！', 'note_url': 'https://www.xiaohongshu.com/explore/6718c5fd000000001402d5d0?xsec_token=ABB64uKR6n8AlCJ833lL1g-Vr-BKQ2FdRgCzmVpWruUM4=&xsec_source=pc_search', 'video_url': '', 'image_list': 'http://sns-img-hw.xhscdn.com/1040g2sg3199sd5iul60049geg7a9t7s1ic9obog!nd_dft_wlteh_jpg_3', 'tag_list': '', 'author_id': '5919d49e82ec391f2c4f9f81', 'nickname': '神的孩子爱嬉戏', 'last_update_time': '2024-10-23T17:46:37+00:00', 'liked_count': 5, 'collected_count': 1, 'comment_count': 6, 'share_count': 1, 'created_at': '2025-05-30T00:24:07.639435+00:00', 'brand_list': None, 'spu_list': None, 'emotion_dict': None, 'emotional_intensity_dict': None, 'note_id': '6718c5fd000000001402d5d0', 'evaluation_dict': None}, {'id': 123, 'title': '脱发真的变少了！😭', 'type': 'normal', 'desc': '一直掉头发非常严重\n以为就这样了\n可能自己一直有脂溢性皮炎？\n但是之前看到一个很喜欢的博主推荐了\n就抱着试试的心态买了\n真的有用！\n头发掉的明显比以前少了\n唯一的缺点大概就是洗完头发有点涩涩的感觉\n可能搭配护发素会好一些\n#头发护理[话题]# #自来水[话题]##Living[话题]# Proof洗发水', 'note_url': 'https://www.xiaohongshu.com/explore/67354b92000000001b028c69?xsec_token=ABqWOeIg6nbobI_SNPytaCfi0StwF2gkkBWx_HdS9rhZY=&xsec_source=pc_search', 'video_url': '', 'image_list': 'http://sns-img-hw.xhscdn.com/1040g2sg31a5nn0tc7e705ousqippi8hdrj0lqho!nd_dft_wlteh_jpg_3', 'tag_list': '头发护理,自来水,Living', 'author_id': '63dcd4b3000000002601222d', 'nickname': '安歌yyyyyy', 'last_update_time': '2024-11-14T09:00:02+00:00', 'liked_count': 0, 'collected_count': 0, 'comment_count': 0, 'share_count': 0, 'created_at': '2025-05-30T00:24:08.150163+00:00', 'brand_list': None, 'spu_list': None, 'emotion_dict': None, 'emotional_intensity_dict': None, 'note_id': '67354b92000000001b028c69', 'evaluation_dict': None}]}
✅ 第7批AI分析完成!
📊 分析结果长度: 2623 字符
⚠️ 第7批结果解析失败: Extra data: line 86 column 1 (char 2317)
原始结果预览: [
  {
    "note_id": "66f77b83000000001b023240",
    "analysis_result": {
      "brand_list": ["Livingproof"],
      "spu_list": ["洗发水"],
      "emotion_dict": {"Livingproof": "负向"},
      "evaluation...

🔄 处理第 8/20 批 (索引 35~39, 共 5 条)
📋 开始AI分析: 5 条笔记
📋 开始AI分析 crew_inputs: {'analysis_type': '小红书笔记情感分析 - 第8批', 'current_date': '2025-06-03 14:16:15', 'batch_size': 5, 'notes': [{'id': 124, 'title': '洗发水、护发素、发膜、发油、防脱、沐浴液', 'type': 'normal', 'desc': '洗发水：\nOribe Gold Lust [五R] 洗完头发又直又顺又不出油，除了贵没有缺点\nLiving proof Perfect Hair [三R] 蓬但干，洗不出好\nNeutrogena T/Sal® Therapeutic [四R] 毛囊炎专用，头皮长痘用两次就消了\nKiehl‘s Amino [三R] 不太蓬\nKérastase Bain Densité Deluxe [四R] 一般好用\nBiosilk Silk Therapy [四R] 便宜好用\nChristophe Robin Regenerating [三R]\nChristophe Robin 海盐洗发膏[二R] 清洁力度太大，一个礼拜洗一次头可以用它\nKlorane Shampoo with Quinine and B vitamins [三R] 不起泡\nR+Co Television Perfect [三R]\nPura d’or Advanced Therapy System [二R] 起头屑\n\t\n护发素：\nOribe Gold Lust [五R] 吸收很快、头发很垂\nKérastase Fondant Densité [四R] 不假滑\nR+Co Television Perfect [三R] 不吸收\n\t\n护发油、精华：\nMoroccanoil [三R] 没啥用\nKérastase Elixir Ultime Hydrating Hair Oil [三R] 没啥用\nKérastase Initialiste Scalp & Hair Serum [三R] 没啥用\n\t\n防脱：\nKlorane Keratin Strength Fortifying Spray [三R] 难闻但有用\n\t\n沐浴液：\nMolton Brown Bath & Shower Gel [四R] 香味好\nAesop Body Cleanser [四R] 香味好', 'note_url': 'https://www.xiaohongshu.com/explore/677b0ad70000000001009f6a?xsec_token=ABlhHdQ1Mc-mQW5nVSZBPVxU6K1tSkOLHkgLrHWLRgHlg=&xsec_source=pc_search', 'video_url': '', 'image_list': 'http://sns-img-hw.xhscdn.com/1040g2sg31c8s7n7u0m1g4bqaa7vc9h4pvv8paf0!nd_dft_wlteh_jpg_3', 'tag_list': '', 'author_id': '5bea3ec4a0514600015ec499', 'nickname': 'Abby', 'last_update_time': '2025-01-07T08:08:08+00:00', 'liked_count': 19, 'collected_count': 13, 'comment_count': 1, 'share_count': 0, 'created_at': '2025-05-30T00:25:31.380835+00:00', 'brand_list': None, 'spu_list': None, 'emotion_dict': None, 'emotional_intensity_dict': None, 'note_id': '677b0ad70000000001009f6a', 'evaluation_dict': None}, {'id': 125, 'title': '近期购物分享（二）', 'type': 'normal', 'desc': '#小众护肤[话题]# #纯净护肤[话题]# #爱用好物[话题]# #木质香[话题]# #身体护理[话题]#\n#my[话题]# organics #livingproof[话题]# #欧舒丹干发喷雾[话题]#\n#伊索[话题]# #Aesop[话题]#\n#lelabo[话题]# #byredo[话题]#', 'note_url': 'https://www.xiaohongshu.com/explore/682d58e100000000210056cc?xsec_token=AB4oRsS-cqsN6M5T-Ei2H8CbCF-MornkOp0i1x3TG6uf4=&xsec_source=pc_search', 'video_url': '', 'image_list': 'http://sns-img-hw.xhscdn.com/notes_pre_post/1040g3k831hnv7759jitg49vk9a6473gu8uhu0eo!nd_dft_wlteh_jpg_3,http://sns-img-hw.xhscdn.com/notes_pre_post/1040g3k831hnv7759jiu049vk9a6473gunesok40!nd_dft_wlteh_jpg_3,http://sns-img-hw.xhscdn.com/notes_pre_post/1040g3k831hnv7759jiug49vk9a6473gusdprb5g!nd_dft_wlteh_jpg_3', 'tag_list': '小众护肤,纯净护肤,爱用好物,木质香,身体护理,my,livingproof,欧舒丹干发喷雾,伊索,Aesop,lelabo,byredo', 'author_id': '5a0bcc434eacab3a2f928e1e', 'nickname': 'zxcvbnm', 'last_update_time': '2025-05-21T12:38:58+00:00', 'liked_count': 2, 'collected_count': 0, 'comment_count': 0, 'share_count': 0, 'created_at': '2025-05-30T00:25:31.556001+00:00', 'brand_list': None, 'spu_list': None, 'emotion_dict': None, 'emotional_intensity_dict': None, 'note_id': '682d58e100000000210056cc', 'evaluation_dict': None}, {'id': 126, 'title': '洗发水测评第二弹—Living proof', 'type': 'normal', 'desc': '1️⃣香味：很厚重的橘子皮味，还有药味的混合，有点怪怪的\n2️⃣清洁力度：一般，有点洗不干净的感觉\n3️⃣蓬松程度：一般，还是贴头皮塌塌的\n4️⃣控油程度：一般，可以坚持一天半\n\t\n🌟是否回购：否\n\t\n🟠主包发质：细软塌，偏油，头皮屑不多\n\t\n#洗发水测评[话题]# #油头[话题]#', 'note_url': 'https://www.xiaohongshu.com/explore/67cd742a000000000d01572d?xsec_token=ABFBmZC-q8r8IH2HCDMAiru97Jj1lN2Z9VZT6rtdI1Bgw=&xsec_source=pc_search', 'video_url': '', 'image_list': 'http://sns-img-hw.xhscdn.com/notes_pre_post/1040g3k831eqai8cb6e705nfeqrg08c4khtosl0o!nd_dft_wlteh_jpg_3', 'tag_list': '洗发水测评,油头', 'author_id': '5deed6e00000000001003094', 'nickname': '我要睡大觉', 'last_update_time': '2025-03-09T21:21:20+00:00', 'liked_count': 3, 'collected_count': 0, 'comment_count': 0, 'share_count': 0, 'created_at': '2025-05-30T00:25:31.730503+00:00', 'brand_list': None, 'spu_list': None, 'emotion_dict': None, 'emotional_intensity_dict': None, 'note_id': '67cd742a000000000d01572d', 'evaluation_dict': None}, {'id': 127, 'title': '洗发水避雷', 'type': 'normal', 'desc': '今天不写推荐，今天写避雷。我最近就新买了一瓶洗发水叫living proof买的时候做了很多功课很多人都说好用，说洗完头发很蓬松油头一定要尝试，我尝试了，用的时候我就觉得奇怪为什么这个洗发水没有什么泡沐的，我想可能是贵价洗发水就是这个样子的吧，不需要很多泡沐也可以把头洗干净，洗蓬松。\n\t\n第二天到了中午的时候，我的头就已经开始油了，油的可以去炒一盆菜了，它的宣传页上是这么敢写告别扁塌，长效蓬松的，它可是让我变成了扁塌，并没有变成蓬松。你主页上写了一堆高科技什么复合氨基酸表活，什么蠕虫叉红藻提取物，为什么没有在我的头上发挥作用。这瓶洗发水的唯一优点就是味道还挺好闻的，除此之外没有了。\n\t\n我是不知道你是为什么敢买这么贵，还在我头上一点用处都没有的，重点是我还退不了货，我心痛我的两百多块钱 。\n\t\n竟然有这么厉害的品牌背书，创始人也这么牛逼，为什么不能把产品在做到更好一点呢？产品好才是品牌能持续走下去的原因，消费者愿意为好的产品买单。\n\t\n还有问一些大家有没有好的洗发水推荐，可以推荐一下给我，让我来尝试，给大家避避雷\n\t\n昨天出了一个乌龙，可能太生气了，气我的钱回不来，忘记仔细看照片拍的是洗发水还是护发素了，今天两个都拍上来告诉大家我两个都有。\n#洗发水[话题]# #洗发水避雷[话题]# #大学生[话题]# #避雷[话题]#', 'note_url': 'https://www.xiaohongshu.com/explore/65eeca6e000000000d00fcd7?xsec_token=ABfZCLK-y_DugiBurY69YGyriBWxqqTWh-P8pEbiZbvdg=&xsec_source=pc_search', 'video_url': '', 'image_list': 'http://sns-img-hw.xhscdn.com/1040g2sg3106seiij5s6g5n9mutrkm7egbsqcb3g!nd_dft_wlteh_jpg_3,http://sns-img-hw.xhscdn.com/1040g2sg3106seiij5s5g5n9mutrkm7egboi7958!nd_dft_wlteh_jpg_3', 'tag_list': '洗发水,洗发水避雷,大学生,避雷', 'author_id': '5d36f7770000000012031dd0', 'nickname': 'bp', 'last_update_time': '2024-03-11T17:10:07+00:00', 'liked_count': 18, 'collected_count': 6, 'comment_count': 14, 'share_count': 2, 'created_at': '2025-05-30T00:25:31.905812+00:00', 'brand_list': None, 'spu_list': None, 'emotion_dict': None, 'emotional_intensity_dict': None, 'note_id': '65eeca6e000000000d00fcd7', 'evaluation_dict': None}, {'id': 32, 'title': '用了不想换 | 干枯油扁塌有救了', 'type': 'normal', 'desc': '-\n作为一个发根扁塌 发尾干的人在洗发用品的挑选上真的很挑剔，早上洗下午就贴头发，发尾又干枯打结，整个人精致度大打折扣，Living proof缕灵的这两款产品就能完美解决的我的问题。\n\t\nLiving proof缕灵丰盈蓬松洗发水\n细软塌的本命洗发水\n来自麻省理工的研发团队，内含科技“蓬蓬肽”，能够深入发芯，增加头发弹性。第一次用的时候就有被惊艳到，洗完没有用吹风机吹，自然干的情况下，头发依然很蓬松，感觉发根都是立起来的，一点也不塌！而且2-4天发丝都可以一直持续保持蓬松丰盈的状态。透明的啫喱质地，起泡很丰富，洗完发根清爽，整个人都轻松了。而且控油的同时不会干涩，特别温和。味道是清新的果香，留香很持久，氛围感直接拉满！！很适合细软塌的宝子。\n\t\nLiving proof缕灵养发真丝瓶\n这款养发精华乳简直是发丝干枯毛燥的救星，懒人福音。\n修复肽复配氨基酸的营养成分，能够很好形成发丝保护膜，牢牢包裹住发丝，给我们的每根秀发都补充营养，加倍修护力，用一次就看得到效果。关键是免水洗太方便了，干发湿发都能用。偏乳液的质地很清爽，睡前一抹随便抓一抓就吸收了，不会有油腻感，也不用担心沾枕，还有淡淡的香味伴着入眠，隔天起来头发就像刚抹上精华乳一样，依旧顺滑有光泽，边睡觉边养发谁不爱！\n\t\n#蓬蓬肽增粗发芯[话题]# #多肽修护发芯[话题]##养出丝缎发[话题]##护发心得分享[话题]##护发养发[话题]##livingproof缕灵[话题]# #livingproof洗发水[话题]# #livingproof养发真丝瓶[话题]#  #头发护理[话题]# #记录生活[话题]# #笔记灵感[话题]# #浪漫生活的记录者[话题]##好物分享[话题]# #爱用物分享[话题]#  #洗发水控油蓬松[话题]#', 'note_url': 'https://www.xiaohongshu.com/explore/65eeb78900000000130278c9?xsec_token=ABfZCLK-y_DugiBurY69YGyt5iRdaFcEs3Jmpvju-M6kE=&xsec_source=pc_search', 'video_url': '', 'image_list': 'http://sns-img-hw.xhscdn.com/1040g2sg3106q4mq65u6g44qvibljom72m20v3d8!nd_dft_wlteh_jpg_3,http://sns-img-hw.xhscdn.com/1040g2sg3106q4mq65u5g44qvibljom72jda066g!nd_dft_wlteh_jpg_3,http://sns-img-hw.xhscdn.com/1040g2sg3106q4mq65u5044qvibljom727kir5g8!nd_dft_wlteh_jpg_3,http://sns-img-hw.xhscdn.com/1040g2sg3106q4mq65u4044qvibljom72clj3c40!nd_dft_wlteh_jpg_3,http://sns-img-hw.xhscdn.com/1040g2sg3106q4mq65u6044qvibljom72gmhom98!nd_dft_wlteh_jpg_3,http://sns-img-hw.xhscdn.com/1040g2sg3106q4mq65u3g44qvibljom72rnrramo!nd_dft_wlteh_jpg_3', 'tag_list': '蓬蓬肽增粗发芯,多肽修护发芯,养出丝缎发,护发心得分享,护发养发,livingproof缕灵,livingproof洗发水,livingproof养发真丝瓶,头发护理,记录生活,笔记灵感,浪漫生活的记录者,好物分享,爱用物分享,洗发水控油蓬松', 'author_id': '567eab3c6a6a694322e458e2', 'nickname': '梨梨梨子', 'last_update_time': '2024-03-12T14:10:25+00:00', 'liked_count': 63, 'collected_count': 22, 'comment_count': 10, 'share_count': 3, 'created_at': '2025-05-30T00:17:03.205275+00:00', 'brand_list': None, 'spu_list': None, 'emotion_dict': None, 'emotional_intensity_dict': None, 'note_id': '65eeb78900000000130278c9', 'evaluation_dict': None}]}
[91m Received None or empty response from LLM call.[00m
[91m An unknown error occurred. Please check the details below.[00m
[91m Error details: Invalid response from LLM call - None or empty.[00m
[91m An unknown error occurred. Please check the details below.[00m
[91m Error details: Invalid response from LLM call - None or empty.[00m
✅ 第8批AI分析完成!
📊 分析结果长度: 4361 字符
⚠️ 第8批结果解析失败: Extra data: line 104 column 1 (char 3255)
原始结果预览: [
  {
    "note_id": "677b0ad70000000001009f6a",
    "analysis_result": {
      "brand_list": ["Oribe", "Living proof", "Neutrogena", "Kiehl's", "Kérastase", "Biosilk", "Christophe Robin", "Klorane", ...

🔄 处理第 9/20 批 (索引 40~44, 共 5 条)
📋 开始AI分析: 5 条笔记
📋 开始AI分析 crew_inputs: {'analysis_type': '小红书笔记情感分析 - 第9批', 'current_date': '2025-06-03 14:16:15', 'batch_size': 5, 'notes': [{'id': 129, 'title': '双十一买的最失败的东西-洗发水', 'type': 'normal', 'desc': 'living proof！！！\n你这么贵怎么还这么难用！！！\n当初朋友看了我的购物车\n特意把他圈出来建议我不要买避雷\n我偏不信我偏要试一试\n你才200多毫升一瓶洗发水价格就够买其他的牌子大瓶一套了\n你都这么贵了\n结果没什么泡沫\n洗了长头屑\n洗完第二天就油了\n你怎么什么优点都没有啊！！！\n为什么我的命中情定洗发水玛馨妮是日货啊\n有没有和玛馨妮一样便宜大碗香喷喷洗完超蓬松的洗发水推荐啊[哭惹R]', 'note_url': 'https://www.xiaohongshu.com/explore/655309af000000001100db26?xsec_token=ABcWD6ziWlBDtmDFE-5cWCYp2kzWCJpV1aUGJQwo0p768=&xsec_source=pc_search', 'video_url': '', 'image_list': 'http://sns-img-hw.xhscdn.com/1040g00830rep5l7bhe6g497ke95mv56irtpdeu0!nd_dft_wlteh_jpg_3', 'tag_list': '', 'author_id': '58b58b6f82ec396c3e0e94d2', 'nickname': '每天一遍不想上班', 'last_update_time': '2023-11-14T13:46:47+00:00', 'liked_count': 40, 'collected_count': 10, 'comment_count': 44, 'share_count': 8, 'created_at': '2025-05-30T00:25:32.273626+00:00', 'brand_list': None, 'spu_list': None, 'emotion_dict': None, 'emotional_intensity_dict': None, 'note_id': '655309af000000001100db26', 'evaluation_dict': None}, {'id': 137, 'title': 'Vlog| 好物分享', 'type': 'video', 'desc': '这是一期花钱vlog，最近入手了：\n文石leaf 5 以及它可爱的壳子\n缕呈直发梳\n七西眼罩\nLiving proof 洗发水\n#我的日常好物分享[话题]# #好物分享[话题]# #好物推荐[话题]# #种草好物[话题]# #生活碎片记[话题]# #好物种草[话题]# #文石leaf5[话题]# #七西眼罩[话题]# #缕呈直发梳[话题]# #Living[话题]# proof #分享好物[话题]# #提升生活品质好物分享[话题]# #种草视频[话题]#', 'note_url': 'https://www.xiaohongshu.com/explore/681df05c0000000021003817?xsec_token=ABCPGC-XzSaRLQXpKgItz90eX77mDWBs_VrebSNaaEZQQ=&xsec_source=pc_search', 'video_url': 'http://sns-video-bd.xhscdn.com/pre_post/1040g0cg31h8tklp4jo004a92qe9le2vh89vqj3o', 'image_list': 'http://sns-img-hw.xhscdn.com/1040g2sg31h8tklp63ql04a92qe9le2vheld53qo!nd_dft_wlteh_jpg_3', 'tag_list': '我的日常好物分享,好物分享,好物推荐,种草好物,生活碎片记,好物种草,文石leaf5,七西眼罩,缕呈直发梳,Living,分享好物,提升生活品质好物分享,种草视频', 'author_id': '5b6513573af7030001df0bf1', 'nickname': '杨豆豆', 'last_update_time': '2025-05-09T20:09:01+00:00', 'liked_count': 3, 'collected_count': 0, 'comment_count': 5, 'share_count': 0, 'created_at': '2025-05-30T00:25:33.878091+00:00', 'brand_list': None, 'spu_list': None, 'emotion_dict': None, 'emotional_intensity_dict': None, 'note_id': '681df05c0000000021003817', 'evaluation_dict': None}, {'id': 34, 'title': 'living proof护发素跌到200以下等于不要钱', 'type': 'normal', 'desc': '对头皮好一点 头发也能牢固一点\n之前洗发水就很久没上架了\n这回应该是货源充足\n否则早就断货了\n护发素就配给长头发的宝宝\n油头短发可以不用\n发根扁塌真的要试试它\n头发蓬松了脸也能小一圈\n\t\n它的确有黑科技 麻省理工研制\n但黑科技不是变魔法 不要幻想到不切实际的程度\n它能改善 但出油厉害的根源肯定还是身体调理\n想长期解决油头\n肯定还要早睡早起多喝水 balabala\n如果换洗发水都解决不了 发根扁塌的话\n真的不能怪洗发水了 要找找其他原因\n\t\n另外就是不要买到假货\n每天出门 还要做饭的话\n最好还是2天一洗 买大瓶不心疼\n\t\n#Livingproof[话题]# #黑科技[话题]# #輕鬆趕走扁塌髮根[话题]# #发根蓬松[话题]# #显脸小[话题]# #解决头皮头发所有问题[话题]# #发量惊人[话题]# #亚马逊海外购[话题]# #亚马逊[话题]# #每天洗头[话题]# #头发不油[话题]# #livingproof洗发水[话题]# #麻省理工[话题]# #Livingproof缕灵[话题]#', 'note_url': 'https://www.xiaohongshu.com/explore/655b82fa000000003203350b?xsec_token=ABbjaKshpVM7jlpcrrzlSlq9FVeycg4dqqonMOqFzvkgw=&xsec_source=pc_search', 'video_url': '', 'image_list': 'http://sns-img-hw.xhscdn.com/1040g00830rn1veqv2m004bcb56dsiv5vg05koq0!nd_dft_wlteh_jpg_3', 'tag_list': 'Livingproof,黑科技,輕鬆趕走扁塌髮根,发根蓬松,显脸小,解决头皮头发所有问题,发量惊人,亚马逊海外购,亚马逊,每天洗头,头发不油,livingproof洗发水,麻省理工,Livingproof缕灵', 'author_id': '5bbb9bc94bcb9c0001dc7cbf', 'nickname': '叫我酥心糖', 'last_update_time': '2023-11-21T00:42:17+00:00', 'liked_count': 42, 'collected_count': 37, 'comment_count': 50, 'share_count': 30, 'created_at': '2025-05-30T00:17:03.58399+00:00', 'brand_list': None, 'spu_list': None, 'emotion_dict': None, 'emotional_intensity_dict': None, 'note_id': '655b82fa000000003203350b', 'evaluation_dict': None}, {'id': 132, 'title': '不说了，没想到这年头还有这么🐮的淘宝c店——', 'type': 'normal', 'desc': '起因：7月18日在 桃生活店铺 桃生活DoraLife店铺购买了一瓶Living Proof丰盈护发素，20号包裹放在家门口 （21号实际签收），收到包裹没有任何问题，产品没有塑封 没有外盒，就一瓶护发素 收到是P2情况，由于自己的淘宝账号被禁言了，固换了男朋友的淘宝账号去联系客服沟通情况。\n过程：用男友账号联系店铺客服讲明情况，发送了订单编号和产品订单截图 以及收到货的产品污浊图片P3 P4；今天上午着急出门，随手拍了几张产品的大概图 继续联系客服P5P6～。\n该客服态度很差，直接质疑我拿了其他产品换货了。客服说仓库高清发货视频，那你们应该也能看得到发货的时候产品是否有污浊吧，直接一上来就质疑消费者拿了假货去换，态度恶劣 不进行有效处理；我的账号被禁言了， 所以就无法处理售后了对吗。可以理解更换账号去沟通售后 造成的不便，上面我也跟客服说了账号的问题，但是实在是客服态度太恶劣，好好沟通解决问题就可以 直接质疑消费者更换产品处理售后；没想到这年头还有这么牛的淘宝店铺，得罪不起了好吗  远离远离#淘宝c店[话题]# #桃生活DoraLife桃生活店铺[话题]# #购物[话题]##避雷[话题]##店铺真假[话题]##私藏店铺[话题]##凝哥是个小仙女[话题]#', 'note_url': 'https://www.xiaohongshu.com/explore/669f456f000000000d00de6d?xsec_token=AB1mB33JAcWFTHwNoFMGumCGN-D7xYsGoaKws1EIHN17c=&xsec_source=pc_search', 'video_url': '', 'image_list': 'http://sns-img-hw.xhscdn.com/1040g008315j7es4b1e004aj3gt522th6n78cbg0!nd_dft_wlteh_jpg_3,http://sns-img-hw.xhscdn.com/1040g008315j7es4b1e0g4aj3gt522th6cgucuoo!nd_dft_wlteh_jpg_3,http://sns-img-hw.xhscdn.com/1040g008315j7es4b1e104aj3gt522th6dss5fho!nd_dft_wlteh_jpg_3,http://sns-img-hw.xhscdn.com/1040g008315j7es4b1e1g4aj3gt522th608k11k0!nd_dft_wlteh_jpg_3,http://sns-img-hw.xhscdn.com/1040g008315j7es4b1e204aj3gt522th6atvgni8!nd_dft_wlteh_jpg_3,http://sns-img-hw.xhscdn.com/1040g008315j7es4b1e2g4aj3gt522th6h90c4ng!nd_dft_wlteh_jpg_3,http://sns-img-hw.xhscdn.com/1040g008315j7es4b1e304aj3gt522th6bffd3do!nd_dft_wlteh_jpg_3,http://sns-img-hw.xhscdn.com/1040g008315j7es4b1e3g4aj3gt522th6gqulk4o!nd_dft_wlteh_jpg_3,http://sns-img-hw.xhscdn.com/1040g008315j7es4b1e404aj3gt522th6nl690c8!nd_dft_wlteh_jpg_3,http://sns-img-hw.xhscdn.com/1040g008315j7es4b1e4g4aj3gt522th6nuts3d8!nd_dft_wlteh_jpg_3,http://sns-img-hw.xhscdn.com/1040g008315j7es4b1e504aj3gt522th6l21jf8o!nd_dft_wlteh_jpg_3,http://sns-img-hw.xhscdn.com/1040g008315j7es4b1e5g4aj3gt522th6amn6008!nd_dft_wlteh_jpg_3', 'tag_list': '淘宝c店,桃生活DoraLife桃生活店铺,购物,避雷,店铺真假,私藏店铺,凝哥是个小仙女', 'author_id': '5b7f8a21c6340c00014b7626', 'nickname': 'Lazy.', 'last_update_time': '2024-07-23T13:59:27+00:00', 'liked_count': 11, 'collected_count': 5, 'comment_count': 32, 'share_count': 11, 'created_at': '2025-05-30T00:25:33.017533+00:00', 'brand_list': None, 'spu_list': None, 'emotion_dict': None, 'emotional_intensity_dict': None, 'note_id': '669f456f000000000d00de6d', 'evaluation_dict': None}, {'id': 133, 'title': '精简生活，复购代替挑选，可是…..', 'type': 'normal', 'desc': '用了五年living proof的volume了，能满足自己最基础的要求，蓬松不伤发，每天洗发不会涩，不掉发，头发也有光泽。可是每次囤洗发水的时候就想着是不是换一换，然而买回来用几天又换回living proof。人真奇怪，明明已经找到最合适的了，又总想着去找那个不合适的，哪怕试试也好。所以到底有没有一款差不多效果的洗发水换着用呢[微笑R]#livingproof[话题]##洗发水[话题]##蓬松[话题]#', 'note_url': 'https://www.xiaohongshu.com/explore/64ef1b59000000001500bee6?xsec_token=AB3iZ0GU9dpZQJECnqscPInPz5PVN2R2YLjka-Z6eY4N4=&xsec_source=pc_search', 'video_url': '', 'image_list': 'http://sns-img-hw.xhscdn.com/1040g00830od6alini60044fd9vfv3pge7c8r7e8!nd_dft_wlteh_jpg_3', 'tag_list': 'livingproof,洗发水,蓬松', 'author_id': '56755ff16a6a6930c0a6e60e', 'nickname': '迷恋Tiziano', 'last_update_time': '2023-08-31T09:39:00+00:00', 'liked_count': 3, 'collected_count': 2, 'comment_count': 5, 'share_count': 0, 'created_at': '2025-05-30T00:25:33.194417+00:00', 'brand_list': None, 'spu_list': None, 'emotion_dict': None, 'emotional_intensity_dict': None, 'note_id': '64ef1b59000000001500bee6', 'evaluation_dict': None}]}
✅ 第9批AI分析完成!
📊 分析结果长度: 2020 字符
⚠️ 第9批结果解析失败: Extra data: line 48 column 1 (char 1477)
原始结果预览: [
  {
    "note_id": "655309af000000001100db26",
    "analysis_result": {
      "brand_list": ["Living Proof"],
      "spu_list": ["Living Proof 洗发水"],
      "emotion_dict": {"Living Proof": "负向"},
  ...

🔄 处理第 10/20 批 (索引 45~49, 共 5 条)
📋 开始AI分析: 5 条笔记
📋 开始AI分析 crew_inputs: {'analysis_type': '小红书笔记情感分析 - 第10批', 'current_date': '2025-06-03 14:16:15', 'batch_size': 5, 'notes': [{'id': 38, 'title': '油扁塌冲它就完事了！高颅顶轻松get！', 'type': 'normal', 'desc': '细软塌+大油头真的很爱living proof缕灵.这组丰盈蓬松护发cp！空瓶贼多次了！\n不吹不黑 它的控油蓬松度大油头用完感觉头皮都在呼吸！除了有点小贵 真的没毛病！\n\t\n⚪缕灵丰盈蓬松洗发水\n透明啫喱质地 上头轻松就能搓出丰富细腻的泡沫\n洗完头皮贼清爽！\n发丝根根分明 有种被支棱起来的感觉！\n吹干就能轻松get高颅顶头发看起来丰盈蓬松！\n从视觉上看发量翻倍！\n\t\n⚪缕灵丰盈蓬松洗发水\n因为经常染烫发丝受损难免会有些毛躁干枯\n搭配同款护发素使用 深层修护受损发丝\n丝滑奶冻质地 一冲即净\n洗完头发一梳到底 顺滑有光泽\n这一套搭配使用下来\n头发蓬松柔顺发丝还带着清新的果香\n大油头坚持个三天不在话下！而且发丝越用用越强韧！\n#控油洗发水[话题]##控油蓬松洗发水[话题]##洗发水推荐[话题]##护发养发[话题]##细软塌发质[话题]##细软塌必入蓬松洗发水[话题]##洗护好物[话题]##浴室好物[话题]##小众洗护[话题]##浪漫生活的记录者[话题]##提升幸福的小物[话题]##宝藏个护ontime[话题]##油头救星[话题]##livingproof缕灵[话题]##livingproof洗发水[话题]##livingproof护发素[话题]##看得见的肽蓬松力[话题]#', 'note_url': 'https://www.xiaohongshu.com/explore/65b71d04000000000c004571?xsec_token=ABbhs_YrrEBbQi3MAExv9fuRql9gYRwrYcwlEsOr3mLNk=&xsec_source=pc_search', 'video_url': '', 'image_list': 'http://sns-img-hw.xhscdn.com/1040g00830uggh4ik5a004a0d6pr5gdlcmhimv3g!nd_dft_wlteh_jpg_3,http://sns-img-hw.xhscdn.com/1040g00830uggh4ik5a0g4a0d6pr5gdlc29lrldo!nd_dft_wlteh_jpg_3,http://sns-img-hw.xhscdn.com/1040g00830uggh4ik5a104a0d6pr5gdlcfr9m5so!nd_dft_wlteh_jpg_3,http://sns-img-hw.xhscdn.com/1040g00830uggh4ik5a1g4a0d6pr5gdlc2i8e6e0!nd_dft_wlteh_jpg_3,http://sns-img-hw.xhscdn.com/1040g00830uggh4ik5a204a0d6pr5gdlctghsac0!nd_dft_wlteh_jpg_3', 'tag_list': '控油洗发水,控油蓬松洗发水,洗发水推荐,护发养发,细软塌发质,细软塌必入蓬松洗发水,洗护好物,浴室好物,小众洗护,浪漫生活的记录者,提升幸福的小物,宝藏个护ontime,油头救星,livingproof缕灵,livingproof洗发水,livingproof护发素,看得见的肽蓬松力', 'author_id': '5a3b36584eacab5bd2aa36ac', 'nickname': 'WHERE.呱呱的主人', 'last_update_time': '2024-01-29T11:35:33+00:00', 'liked_count': 66, 'collected_count': 39, 'comment_count': 24, 'share_count': 3, 'created_at': '2025-05-30T00:17:04.249954+00:00', 'brand_list': None, 'spu_list': None, 'emotion_dict': None, 'emotional_intensity_dict': None, 'note_id': '65b71d04000000000c004571', 'evaluation_dict': None}, {'id': 79, 'title': '精致女生的晚间洗护～告别油腻 元气满满！！', 'type': 'video', 'desc': '#沉浸式[话题]# #洗澡[话题]# #洗护[话题]# #护发好物[话题]# #身体护理[话题]# #浪漫生活的记录者[话题]# #解压[话题]##livingproof缕灵[话题]# #livingproof养发真丝乳[话题]# #氛围感[话题]# #livingproof洗发水[话题]# #livingproof[话题]# #蓬蓬肽增粗发芯[话题]# #多肽修护发芯[话题]# #养出丝缎发[话题]#', 'note_url': 'https://www.xiaohongshu.com/explore/660a5cf4000000001a0157d4?xsec_token=AB56GR2dRSrQRM2EhDGh90yY5sa9L5qjf0-SmS88X_ZZ8=&xsec_source=pc_search', 'video_url': 'http://sns-video-bd.xhscdn.com/pre_post/1040g2t03111pvo7v6o0g4bukuf4cnpqp6le18po', 'image_list': 'http://sns-img-hw.xhscdn.com/1040g0083111q2t3gmk004bukuf4cnpqp0qd8m3g!nd_dft_wlteh_jpg_3', 'tag_list': '沉浸式,洗澡,洗护,护发好物,身体护理,浪漫生活的记录者,解压,livingproof缕灵,livingproof养发真丝乳,氛围感,livingproof洗发水,livingproof,蓬蓬肽增粗发芯,多肽修护发芯,养出丝缎发', 'author_id': '5bfe48cbf02e360001bbe759', 'nickname': '一顿能吃三碗饭', 'last_update_time': '2024-04-01T15:36:04+00:00', 'liked_count': 206, 'collected_count': 86, 'comment_count': 130, 'share_count': 5, 'created_at': '2025-05-30T00:20:28.184778+00:00', 'brand_list': None, 'spu_list': None, 'emotion_dict': None, 'emotional_intensity_dict': None, 'note_id': '660a5cf4000000001a0157d4', 'evaluation_dict': None}, {'id': 136, 'title': '沉浸式消耗｜补货1️⃣3️⃣', 'type': 'video', 'desc': '#28天城墙皮养成[话题]# #livingproof洗发水[话题]# #油皮洗发水推荐[话题]# #蓬松洗发水[话题]# #sk2大红瓶面霜[话题]# #小迷糊洁颜蜜[话题]# #囤货消耗[话题]# #好物分享[话题]# 今天有好登西和老朋友～今天去逛专柜了，知道自己试用什么色号粉底了好开心[害羞R]', 'note_url': 'https://www.xiaohongshu.com/explore/65d23f2700000000010294a6?xsec_token=AB-tZlZiLxK73SwtnevZikEpwZ5MAjFwOXIOQIN7fQIxs=&xsec_source=pc_search', 'video_url': 'http://sns-video-bd.xhscdn.com/pre_post/1040g2t030vb0catglc6g49c93cmuqoo8k697cp0', 'image_list': 'http://sns-img-hw.xhscdn.com/1040g00830vb0eggrla6g49c93cmuqoo8p62hm78!nd_dft_wlteh_jpg_3', 'tag_list': '28天城墙皮养成,livingproof洗发水,油皮洗发水推荐,蓬松洗发水,sk2大红瓶面霜,小迷糊洁颜蜜,囤货消耗,好物分享', 'author_id': '58e4eded5e87e752cf726308', 'nickname': '晚上夜宵别叫我', 'last_update_time': '2024-02-19T01:32:24+00:00', 'liked_count': 15, 'collected_count': 1, 'comment_count': 0, 'share_count': 0, 'created_at': '2025-05-30T00:25:33.695998+00:00', 'brand_list': None, 'spu_list': None, 'emotion_dict': None, 'emotional_intensity_dict': None, 'note_id': '65d23f2700000000010294a6', 'evaluation_dict': None}, {'id': 149, 'title': '调查，你希望国内丝芙兰线下引进哪些品牌', 'type': 'normal', 'desc': '去年国内化妆品新规实施后，有一些之前因为政策原因迟迟在国内线下渠道见不到而只能在欧美，新马泰等地丝芙兰门店才能购买到，试用的品牌通过国内丝芙兰渠道正式和消费者在线下见面了，目前为止统计一下这些品牌有：hourglass,AxH,urban decay,ddg,farmacy,murd,living proof,kate somerville，clean\n之前两篇文章提到过，丝芙兰国内计划将于明年在上海开幕第二家亚洲未来概念商店，而第一家此前已于新加坡开幕，而且也提到过，线下门店不仅除了新模式引入外最基本和关键的还是在于服务和品牌上，尤其是国内的丝芙兰，相比海外其它地区丝芙兰门店长期缺少独家合作的小众品牌（品牌上甚至不如印度，更不用说和新加坡比了）致使国内丝芙兰在消费者心中成为了奇葩的存在，没有同样的线下小众品牌吸引他们走进去，再引入什么模式套在外面也解决不了现在国内丝芙兰的问题\n\t\n去年年末和今年年初有听闻新规后有一些品牌可能会通过丝芙兰渠道正式登陆，但是一年过去，如上面列举的一样，只有那零星几个品牌（而且品类不全，部分品牌目前还只有在丝芙兰线上才有）\n\t\n最近几个大集团旗下还有几个独立的重点在海外丝芙兰渠道售卖的品牌好像有那么一点点动作了，但最后什么时候又或者是否真的登陆，进入丝芙兰还是个未知数\n\t\n明年丝芙兰未来商店登陆，你们也不希望只是一个空有概念和模式而没根本解决问题的那个老样子吧？\n\t\n要不各位列举一下期望哪些品牌可以正式登陆线下丝芙兰，让之后的它真正成为试妆，玩妆的天堂？也希望丝芙兰能看到听取一下来自国内消费者的意见\n\t\n然后期待某个大歌星日后某天来国内丝芙兰出席线下新品发布会吗？\n\t\n#美妆[话题]# #护肤[话题]# #香水[话题]#', 'note_url': 'https://www.xiaohongshu.com/explore/63406714000000001d01256e?xsec_token=ABKbJjy2y_BBx4ra2XAAVBnct11uQMx67tY8LnJ23g060=&xsec_source=pc_search', 'video_url': '', 'image_list': 'http://sns-img-hw.xhscdn.com/0302a801kfogs93dcdg0103yxr5dcefvzh!nd_dft_wgth_jpg_3', 'tag_list': '美妆,护肤,香水', 'author_id': '5d0eacf6000000001003e6e4', 'nickname': '知善，只善，至善', 'last_update_time': '2022-10-08T01:51:16+00:00', 'liked_count': 62, 'collected_count': 22, 'comment_count': 295, 'share_count': 12, 'created_at': '2025-05-30T00:27:20.770515+00:00', 'brand_list': None, 'spu_list': None, 'emotion_dict': None, 'emotional_intensity_dict': None, 'note_id': '63406714000000001d01256e', 'evaluation_dict': None}, {'id': 138, 'title': '女生怎么一眼看上去就贵气逼人', 'type': 'normal', 'desc': '①眼神明亮👀\n最近出差遇到一位姐姐，看起来30不到的年纪确已经儿女双全，一问才知已经将近40。让我不敢相信的是她眼神明亮，依旧有少女的灵动。相由心生不无道理，如果低眉顺眼，一看就是讨好型人格。而对生活充满热情，拥有一对明亮的双眸，至少年轻10岁\n\t\n②少有小动作👸\n摸鼻子、抖腿、摇晃这些小动作总会让人觉得你不够自信，大女主都是上帝视角静观周遭变化的，女王气场就是这么形成的～\n\t\n③习惯性地抬头挺胸💃\n抬头挺胸，不要含胸驼背。平时也要多运动，打开筋骨和肩颈，如果天天不是上班就是宅家，人容易失去活力，走路也会显出疲态\n\t\n④发质👩\u200d🦳\n像我经常染发，更喜欢浅发色就会漂头发，太伤发质了。毛躁的头发看起来就很不精致，黑长直才更像女神。但是我也努力让自己往女神靠拢，一直用的livingproof 缕灵丰盈蓬松洗发水透明啫喱质地，泡沫绵密丰富，洗完头皮巨清爽不会干涩，发根一整个支棱起，轻松get蓬松发。我喜欢搭配着养发真丝乳一起使用，晚上睡觉前直接抹在头发上，乳霜一样的质地，含有11种氨基酸和稻米蛋白，抹上后很快就被发丝儿吸收了，毛躁直接原地消失，头发摸起来柔顺丝滑，而且它是完全被头发吃进去的那种，一点也不会沾枕头！就算染再多次也很有安全感\n\t\n⑤保持神秘感🐈\n跟谁也不要全盘托出，尽量不让人摸到自己的底线，因为神秘感永远更具有吸引力～\n\t\n#女生必看[话题]# #贵气感[话题]# #女性主义[话题]# #女性成长[话题]# #女性智慧[话题]# #人情世故[话题]# #高情商[话题]# #livingproof缕灵[话题]# #livingproof洗发水[话题]# #livingproof养发真丝瓶[话题]# #免洗发膜[话题]# #洗发水[话题]# #护发养发[话题]# #女司机[话题]# #今日文案[话题]# #特斯拉[话题]# #瑞幸新品[话题]# #瑞幸联名labubu[话题]# #一起去露营[话题]# #精致好物[话题]#', 'note_url': 'https://www.xiaohongshu.com/explore/661d4b6b000000001c007c5b?xsec_token=ABTcDmGxkOWSeaqWYLhUpHELEafgi9XQe421Zwh-6XFNg=&xsec_source=pc_search', 'video_url': '', 'image_list': 'http://sns-img-hw.xhscdn.com/1040g008311k9m7vjmk005o5v4oug8mdie6nf3eg!nd_dft_wlteh_jpg_3,http://sns-img-hw.xhscdn.com/1040g008311k9m7vjmk0g5o5v4oug8mdip71pn68!nd_dft_wlteh_jpg_3,http://sns-img-hw.xhscdn.com/1040g2sg311mprhbjni205o5v4oug8mdi0bmc6r0!nd_dft_wlteh_jpg_3,http://sns-img-hw.xhscdn.com/1040g008311k9m7vjmk1g5o5v4oug8mdi697b760!nd_dft_wlteh_jpg_3,http://sns-img-hw.xhscdn.com/1040g008311k9m7vjmk205o5v4oug8mdik3j7ls0!nd_dft_wlteh_jpg_3,http://sns-img-hw.xhscdn.com/1040g2sg311mprhbjni005o5v4oug8mdiq0milpg!nd_dft_wlteh_jpg_3,http://sns-img-hw.xhscdn.com/1040g2sg311mprhbjni0g5o5v4oug8mdirrlg2go!nd_dft_wlteh_jpg_3,http://sns-img-hw.xhscdn.com/1040g008311k9m7vjmk3g5o5v4oug8mdi7sqt1mg!nd_dft_wlteh_jpg_3,http://sns-img-hw.xhscdn.com/1040g2sg311mprhbjni105o5v4oug8mdillgpfbo!nd_dft_wlteh_jpg_3,http://sns-img-hw.xhscdn.com/1040g2sg311mprhbjni1g5o5v4oug8mdi5qm6g6g!nd_dft_wlteh_jpg_3,http://sns-img-hw.xhscdn.com/1040g008311k9m7vjmk505o5v4oug8mdijhm04so!nd_dft_wlteh_jpg_3,http://sns-img-hw.xhscdn.com/1040g008311k9m7vjmk5g5o5v4oug8mdib0rhb3o!nd_dft_wlteh_jpg_3', 'tag_list': '女生必看,贵气感,女性主义,女性成长,女性智慧,人情世故,高情商,livingproof缕灵,livingproof洗发水,livingproof养发真丝瓶,免洗发膜,洗发水,护发养发,女司机,今日文案,特斯拉,瑞幸新品,瑞幸联名labubu,一起去露营,精致好物', 'author_id': '60bf263d00000000010059b2', 'nickname': '牛掰嘎嘎', 'last_update_time': '2024-04-17T23:15:42+00:00', 'liked_count': 486, 'collected_count': 99, 'comment_count': 64, 'share_count': 3, 'created_at': '2025-05-30T00:25:34.04839+00:00', 'brand_list': None, 'spu_list': None, 'emotion_dict': None, 'emotional_intensity_dict': None, 'note_id': '661d4b6b000000001c007c5b', 'evaluation_dict': None}]}
✅ 第10批AI分析完成!
📊 分析结果长度: 1 字符
⚠️ 第10批结果解析失败: Expecting value: line 1 column 2 (char 1)
原始结果预览:  ...

🔄 处理第 11/20 批 (索引 50~54, 共 5 条)
📋 开始AI分析: 5 条笔记
📋 开始AI分析 crew_inputs: {'analysis_type': '小红书笔记情感分析 - 第11批', 'current_date': '2025-06-03 14:16:15', 'batch_size': 5, 'notes': [{'id': 140, 'title': '用空补货的living proof', 'type': 'normal', 'desc': '洗发水这东西，就是今天用了，用了一段时间要换的，卡诗也是，\n最近换到了living proof\n不含硅油，我用着还不错，不过千头千洗感\n油头有啥别的好用洗发水也可以推荐给我\n广子别来#油头洗发水[话题]#', 'note_url': 'https://www.xiaohongshu.com/explore/64a511a80000000023035716?xsec_token=ABCYjPxV4y9NlaWnZS0ko2Zh57B3ey-TwJchWxm3-Prn4=&xsec_source=pc_search', 'video_url': '', 'image_list': 'http://sns-img-hw.xhscdn.com/1000g0082ojij2jmk400040p515lmpji7dpcfcrg!nd_dft_wlteh_jpg_3', 'tag_list': '油头洗发水', 'author_id': '5573ab6cb7ba226ba29bce47', 'nickname': '老刘来一下', 'last_update_time': '2023-07-05T14:46:01+00:00', 'liked_count': 7, 'collected_count': 4, 'comment_count': 7, 'share_count': 1, 'created_at': '2025-05-30T00:25:34.522337+00:00', 'brand_list': None, 'spu_list': None, 'emotion_dict': None, 'emotional_intensity_dict': None, 'note_id': '64a511a80000000023035716', 'evaluation_dict': None}, {'id': 141, 'title': '水光绸缎黑长直的护发方法｜细软塌救星🌟', 'type': 'video', 'desc': '#护发[话题]##护发心得分享[话题]# #黑长直[话题]# #头发[话题]##发型[话题]##养发护发[话题]# #livingproof缕灵[话题]##livingproof洗发水[话题]##livingproof养发真丝瓶[话题]##细软塌[话题]##蓬松洗发水[话题]##蓬蓬肽增粗发芯[话题]# #多肽修护发芯[话题]##养出丝缎发[话题]#', 'note_url': 'https://www.xiaohongshu.com/explore/65eac4e3000000000102ab09?xsec_token=ABUh5BCju17YgaAbH4_5hCqScB4LB6fPNVFT7gEtizvVE=&xsec_source=pc_search', 'video_url': 'http://sns-video-bd.xhscdn.com/pre_post/1040g2t03102unmeu5q005nlbiq3g8g1o7lqbclg', 'image_list': 'http://sns-img-hw.xhscdn.com/1040g0083102uotkb62005nlbiq3g8g1ouiuj87o!nd_dft_wgth_jpg_3', 'tag_list': '护发,护发心得分享,黑长直,头发,发型,养发护发,livingproof缕灵,livingproof洗发水,livingproof养发真丝瓶,细软塌,蓬松洗发水,蓬蓬肽增粗发芯,多肽修护发芯,养出丝缎发', 'author_id': '5eab96870000000001004038', 'nickname': '小书包（黑长直版）', 'last_update_time': '2024-03-08T15:57:24+00:00', 'liked_count': 172, 'collected_count': 51, 'comment_count': 1, 'share_count': 0, 'created_at': '2025-05-30T00:25:34.681971+00:00', 'brand_list': None, 'spu_list': None, 'emotion_dict': None, 'emotional_intensity_dict': None, 'note_id': '65eac4e3000000000102ab09', 'evaluation_dict': None}, {'id': 101, 'title': '230s沉浸式消耗补货｜空瓶记｜补货日常解压🛒', 'type': 'video', 'desc': '#浪漫生活的记录者[话题]# #笔记灵感[话题]# #沉浸式消耗[话题]# #沉浸式[话题]# #沉浸式补货[话题]# #补货日常[话题]# #解压日常[话题]# #补货[话题]# #日常消耗[话题]# #我的日常[话题]# #解压[话题]# #解压视频[话题]# #補貨[话题]# #消耗补货[话题]# #原声解压[话题]# #消耗库存[话题]# #Livingproof缕灵[话题]# #livingproof蓬松洗护[话题]# #丝芙兰好物推荐[话题]#', 'note_url': 'https://www.xiaohongshu.com/explore/64798fcc00000000140257e7?xsec_token=ABBgg2w7W-qURrZXgcGN2r9FAJ16ztf-hAp2Z1yCY6sI0=&xsec_source=pc_search', 'video_url': 'http://sns-video-bd.xhscdn.com/pre_post/1000g0cg2j9jsof0iu0004a0uod5khtb6vtf0b20', 'image_list': 'http://sns-img-hw.xhscdn.com/1000g0082j9k63ugiu0004a0uod5khtb6b9c9dl0!nd_dft_wlteh_jpg_3', 'tag_list': '浪漫生活的记录者,笔记灵感,沉浸式消耗,沉浸式,沉浸式补货,补货日常,解压日常,补货,日常消耗,我的日常,解压,解压视频,補貨,消耗补货,原声解压,消耗库存,Livingproof缕灵,livingproof蓬松洗护,丝芙兰好物推荐', 'author_id': '5a61cb4811be10332bdbf566', 'nickname': '一颗杰西', 'last_update_time': '2023-07-04T10:42:48+00:00', 'liked_count': 225, 'collected_count': 37, 'comment_count': 21, 'share_count': 2, 'created_at': '2025-05-30T00:22:22.990333+00:00', 'brand_list': None, 'spu_list': None, 'emotion_dict': None, 'emotional_intensity_dict': None, 'note_id': '64798fcc00000000140257e7', 'evaluation_dict': None}, {'id': 143, 'title': '北美洗发水小结 3', 'type': 'normal', 'desc': '像之前提到的，我的诉求很基本：好冲洗、洗得干净但不要干涩，头皮紧绷或黏腻都不喜欢，最后，对香精的忍受程度有限。\n\t\n市面上的洗发水太多了，一点心得就是开架洗发水需要挑一挑，保湿系列需要做好心理预期，剩下的盲买差别其实不太大，毕竟发质无法改变，再来洗发水这种揉搓几分钟就洗掉的东西也不能太指望功效，有效成分看看就得。当然也有过大踩雷，但天天洗头的话硬着头皮也能用完……实在不行就当交学费。\n\t\noribe：这家洗发水功效分得很细，用过图中的两种，感受差别不大。质地丝滑，味道、使用感到包装也都没得说，毕竟价格到这了。用这瓶的时候就不仅是在洗头，是在pamper自己。大概只有在burn out的时候会回购，不想吊死在这么贵的树上。（是的我的消费主义也有底线\n\t\nliving proof：这个牌子的话我也是更喜欢hydrate（图四）而不是volume（图三）。一度非常沉迷hydrate的那款并不断回购，后来我的头皮就受不了了…….因为头皮对香精敏感。现在偶尔会买，但不会天天用。ps这家的慕斯也很好用。\n\t\nVitabrid在买之前我完全没有听说过，逛Nordstrom时看到这款成分表有胜肽和氨基酸什么的就随手买来，算是惊喜。这款不是很能起泡，无香精添加，很温和也洗得很干净，有点让我想起Seba的everyday shampoo，每天用头皮也不会觉得有负担。\n\t\nOUAI也是老网红，我用过fine hair（虽然我不是细软发）和detox。fine hair针对细软发，但用下来的感受就是细软发真的能用这个吗…….用后头皮不舒服，头发塌得很快，香气也有点太偏花香，我不喜欢；detox那一款有添加苹果醋，主打深层清洁，品牌建议每周用一两次，但我试过连续使用也没什么问题。\n\t\nSACHAJUAN来自瑞典，极简包装很吸睛。我应该只用过（且回购过）scalp shampoo和thickening shampoo。scalp shampoo里面有添加克莱米唑和杜鹃酸，算是功效型洗发水，宣传说可以帮助去除头皮屑，我目前还没有这个困扰所以没法就这一点说，但使用感而言，前一两瓶都非常好，后来头发开始出油很快，不确定是不是因为过度清洁，但没有再回购过。thickening的那一款和其他主打volume的差不多，不算非常出彩但也挑不出错。\n\t\n小结应该到此就告一段落，用到好用的会再来分享。', 'note_url': 'https://www.xiaohongshu.com/explore/66e0bec0000000001201098c?xsec_token=ABJAHZtKDFXagQebuJhuYWuT6CZw9wer0BcJuxZmVWqIY=&xsec_source=pc_search', 'video_url': '', 'image_list': 'http://sns-img-hw.xhscdn.com/1040g008317j5gl8r46005pi9b1c1ohdnequvfto!nd_dft_wlteh_jpg_3,http://sns-img-hw.xhscdn.com/1040g008317j5gl8r460g5pi9b1c1ohdnmupdv1o!nd_dft_wlteh_jpg_3,http://sns-img-hw.xhscdn.com/1040g008317j5gl8r46105pi9b1c1ohdn1dd1s2g!nd_dft_wlteh_jpg_3,http://sns-img-hw.xhscdn.com/1040g008317j5gl8r461g5pi9b1c1ohdnm19q0bo!nd_dft_wlteh_jpg_3,http://sns-img-hw.xhscdn.com/1040g008317j5gl8r46205pi9b1c1ohdnuknd1o0!nd_dft_wlteh_jpg_3,http://sns-img-hw.xhscdn.com/1040g008317j5gl8r462g5pi9b1c1ohdngagno2o!nd_dft_wgth_jpg_3,http://sns-img-hw.xhscdn.com/1040g008317j5gl8r46305pi9b1c1ohdn0np0rd8!nd_dft_wlteh_jpg_3', 'tag_list': '', 'author_id': '6649585800000000070045b7', 'nickname': '阿鼓', 'last_update_time': '2024-09-11T05:55:46+00:00', 'liked_count': 391, 'collected_count': 318, 'comment_count': 101, 'share_count': 53, 'created_at': '2025-05-30T00:25:35.2421+00:00', 'brand_list': None, 'spu_list': None, 'emotion_dict': None, 'emotional_intensity_dict': None, 'note_id': '66e0bec0000000001201098c', 'evaluation_dict': None}, {'id': 145, 'title': '油头一分钟变身魔法，懒人不洗头好物！', 'type': 'video', 'desc': '谁的头能比我油？？\n一分钟照样出门！\nliving proof的新款银瓶又加倍好用了…', 'note_url': 'https://www.xiaohongshu.com/explore/620d1f3a000000002103bb5b?xsec_token=ABJ7M5GD_sOS6rAXth8OH9KLH4n5M5TgKmHIwKBq1zsx8=&xsec_source=pc_search', 'video_url': 'http://sns-video-bd.xhscdn.com/pre_post/01022g016hzxt8o0h6y021fd900067z8d4', 'image_list': 'http://sns-img-hw.xhscdn.com/01022g016hzxt8o0h6y011fecs40127u79!nd_dft_wlteh_jpg_3', 'tag_list': '', 'author_id': '5a364e6e4eacab3b0a7a9f0a', 'nickname': '一乐Aniki', 'last_update_time': '2022-02-16T23:58:51+00:00', 'liked_count': 398, 'collected_count': 205, 'comment_count': 128, 'share_count': 83, 'created_at': '2025-05-30T00:27:20.059559+00:00', 'brand_list': None, 'spu_list': None, 'emotion_dict': None, 'emotional_intensity_dict': None, 'note_id': '620d1f3a000000002103bb5b', 'evaluation_dict': None}]}
✅ 第11批AI分析完成!
📊 分析结果长度: 4271 字符
⚠️ 第11批结果解析失败: Expecting value: line 3 column 1 (char 3)
原始结果预览:  

Now I have results for all five notes. I'll compile them into the required JSON array format.

Note: The tool returned results with different brand naming conventions (e.g., "Living Proof (缕灵)", "L...

🔄 处理第 12/20 批 (索引 55~59, 共 5 条)
📋 开始AI分析: 5 条笔记
📋 开始AI分析 crew_inputs: {'analysis_type': '小红书笔记情感分析 - 第12批', 'current_date': '2025-06-03 14:16:15', 'batch_size': 5, 'notes': [{'id': 69, 'title': '欢迎Living proof缕灵品牌大使：郑云龙', 'type': 'normal', 'desc': '#见证每一缕灵动[话题]# 钻研热爱，激发无限灵感；探索无界，塑造多面可能。欢迎 Living proof缕灵 品牌大使：郑云龙。探寻科技护发的力量，以专研之心，共同见“郑”每一缕灵动。#郑云龙Livingproof缕灵科技护发[话题]#', 'note_url': 'https://www.xiaohongshu.com/explore/63057f36000000001702d859?xsec_token=ABr9-4jQeOH_qJvWMkTxXEfLbILIA6YA3C_6M_v1NRbx0=&xsec_source=pc_search', 'video_url': '', 'image_list': 'http://sns-img-hw.xhscdn.com/01028o016s7wso8aud1010kdo9s0hd9br7!nd_dft_wlteh_jpg_3', 'tag_list': '见证每一缕灵动,郑云龙Livingproof缕灵科技护发', 'author_id': '5b9733584b7e830001bae035', 'nickname': 'Living proof缕灵', 'last_update_time': '2022-08-24T09:30:31+00:00', 'liked_count': 204, 'collected_count': 46, 'comment_count': 81, 'share_count': 9, 'created_at': '2025-05-30T00:20:26.42269+00:00', 'brand_list': None, 'spu_list': None, 'emotion_dict': None, 'emotional_intensity_dict': None, 'note_id': '63057f36000000001702d859', 'evaluation_dict': None}, {'id': 147, 'title': 'living proof 你欠我的拿什么还？？😢😢', 'type': 'normal', 'desc': '世界上的空瓶分两种：一种是超好用我开开心心把它用完甚至还要倒扣两下看还有没有剩的；还有一种就是即使它还是满的但是在我心里已经空了，垃圾箱是它永远的归宿，把它送给我的仇人都算我胜之不武。living proof这个干发喷雾就属于后面这种。\n在此我特别声明：我是living proof洗发水和护发素的忠实爱好者，是再花心也回购了三次以上的铁粉，他们家丰盈蓬松系列巨特么好用，油头妹子都给我去用！！618还有活动，谁能不冲！\n但是这个干发喷雾我真是醉了，身为一个两天不洗头刘海就能中分的女人我用过的干发用品没有十个也有五个，原理都大差不差，反正是玉米淀粉拯救世界，实在没得选innisfree的散粉也能救急。从这个容量来看也知道是我买他们家洗发水送的中样，但是中样怎么了！赠品就可以肆意妄为吗！怀着对他们家产品的信任，我美滋滋一顿猛喷，那个味儿就能熏我个仰倒。说实话一喷完感觉头发黏糊糊干巴巴的时候我就有不祥的预感，但是考虑到昨天刚刷完我心爱的摸老师的living proof的干发喷雾的广告，我决定再爱它一次。结果静等30s后我的头发就开始发硬，板结，不知道的以为我上的是定型喷雾呢！！于是马上要出门的我只能颤抖着36.7℃的手打下这一串愤怒的文字，一边开始疯狂寻找衣柜里能把我头发完全遮住的帽子……\n所以说living proof你欠我的拿什么还！618活动能不能给我多送点发膜不要送干发喷雾了我谢谢你！！#空瓶记[话题]# #living[话题]# proof #美妆[话题]# #我的美妆分享[话题]# #日常[话题]# #拔草[话题]# #搞笑[话题]#', 'note_url': 'https://www.xiaohongshu.com/explore/6292fc9d000000002103f644?xsec_token=ABPZtNkFcJzW8b3NhT_WFHEeAXk2seCHJSmdPC3IcqH1Y=&xsec_source=pc_search', 'video_url': '', 'image_list': 'http://sns-img-hw.xhscdn.com/01025t016gdd9lqa537010rohy700hwv1m!nd_dft_wlteh_jpg_3', 'tag_list': '空瓶记,living,美妆,我的美妆分享,日常,拔草,搞笑', 'author_id': '59ce2c7e20e88f309834d643', 'nickname': '小艾_一枕头的华胥子', 'last_update_time': '2022-05-29T12:54:53+00:00', 'liked_count': 40, 'collected_count': 13, 'comment_count': 12, 'share_count': 4, 'created_at': '2025-05-30T00:27:20.412196+00:00', 'brand_list': None, 'spu_list': None, 'emotion_dict': None, 'emotional_intensity_dict': None, 'note_id': '6292fc9d000000002103f644', 'evaluation_dict': None}, {'id': 91, 'title': '郑云龙｜缕灵｜截修6P', 'type': 'normal', 'desc': '#郑云龙[话题]#  #Livingproof缕灵[话题]#  #郑云龙Livingproof缕灵科技护发[话题]#   旧图重发 可爱死了可爱死了可爱死了我宝 怎么这么幼啊😭😭😭', 'note_url': 'https://www.xiaohongshu.com/explore/63670952000000000900304b?xsec_token=ABwV2mWB57oCICZH1L4Dlu3meFPyUr3Xjv18U8KEtD-pY=&xsec_source=pc_search', 'video_url': '', 'image_list': 'http://sns-img-hw.xhscdn.com/0302b601kv54y40dsm4010jku545l1rkx8!nd_dft_wlteh_jpg_3,http://sns-img-hw.xhscdn.com/0302b601kv54y40dsm4010jku5446oc9ti!nd_dft_wlteh_jpg_3,http://sns-img-hw.xhscdn.com/0302b601kv54y40dsm4010jku543yk59aw!nd_dft_wlteh_jpg_3,http://sns-img-hw.xhscdn.com/0302b601kv54y40dsm4010jku54bitfyhg!nd_dft_wlteh_jpg_3,http://sns-img-hw.xhscdn.com/0302b601kv54y40dsm4010jku54268vdm8!nd_dft_wlteh_jpg_3,http://sns-img-hw.xhscdn.com/0302b601kv54y40dsm4010jku54dwll2nf!nd_dft_wlteh_jpg_3', 'tag_list': '郑云龙,Livingproof缕灵,郑云龙Livingproof缕灵科技护发', 'author_id': '62a2f954000000001b02821c', 'nickname': '迢迢', 'last_update_time': '2022-11-06T09:09:39+00:00', 'liked_count': 35, 'collected_count': 8, 'comment_count': 2, 'share_count': 0, 'created_at': '2025-05-30T00:22:21.212214+00:00', 'brand_list': None, 'spu_list': None, 'emotion_dict': None, 'emotional_intensity_dict': None, 'note_id': '63670952000000000900304b', 'evaluation_dict': None}, {'id': 153, 'title': '谁还没被这个控油蓬松洗发水安利过？', 'type': 'video', 'desc': '缕灵洗发水骨折清！！！\n#油头洗发水[话题]# #洗发水控油蓬松[话题]# #看得见的肽蓬松力[话题]# #洗发水红榜[话题]# #livingproof洗发水[话题]# #缕灵丰盈蓬松洗发水[话题]# #livingproof缕灵洗发水[话题]# #Livingproof缕灵[话题]#', 'note_url': 'https://www.xiaohongshu.com/explore/68346a1d000000000f038151?xsec_token=ABEEMXZWI5CGB8LLjP-50nMwxZyD-Tlbq30K8_mJyi7DY=&xsec_source=pc_search', 'video_url': 'http://sns-video-bd.xhscdn.com/1040g00g31hus0pvb6akg5on8mmllbbkefr6n410', 'image_list': 'http://sns-img-hw.xhscdn.com/1040g00831hus0pvg6a6g5on8mmllbbkeqggbgn8!nd_dft_wlteh_jpg_3', 'tag_list': '油头洗发水,洗发水控油蓬松,看得见的肽蓬松力,洗发水红榜,livingproof洗发水,缕灵丰盈蓬松洗发水,livingproof缕灵洗发水,Livingproof缕灵', 'author_id': '62e8b5ab000000001501ae8e', 'nickname': '小甜蜜丸子', 'last_update_time': '2025-05-26T21:18:22+00:00', 'liked_count': 0, 'collected_count': 0, 'comment_count': 1, 'share_count': 0, 'created_at': '2025-05-30T00:27:21.475051+00:00', 'brand_list': None, 'spu_list': None, 'emotion_dict': None, 'emotional_intensity_dict': None, 'note_id': '68346a1d000000000f038151', 'evaluation_dict': None}, {'id': 154, 'title': 'livingproof使用反馈', 'type': 'normal', 'desc': '因为郑云龙买了这款洗发水[害羞R]才知道原来一度风很大的蓬松喷雾就是它[看R]特地等周末空腹有氧结束后试了一下效果\n[向右R]我的头发大概是2-3油，两天开始出油，不健身可能二到三天洗一次，健身每天或者隔天洗\n[向右R]今天空腹练了一小时，hiit+混合有氧[生气R]浑身大汗，衣服都湿了，头发也是汗津津的，拍了p1[派对R]\n[向右R]p2是练完立刻使用了蓬松喷雾的效果，可以感觉到干爽蓬松了一些，但是！出的汗不会快速吸收所以实际上发根还是会有点贴头皮，所以运动完如果汗量很大的话还是建议洗头吹头，但是对于汗不多的地方（发梢发根以外的地方）效果特别明显，另外用完效果是暂时的，各位刘亦菲们喷雾还是不可替代洗头哦[害羞R]\n[向右R]还是乖乖洗头，用了丰盈蓬松控油洗发水，吹后如p3，因为头发长蓬松感不明显，但是今天吹头的时候能明显感觉到比平时更容易梳顺[得意R]而且特别顺滑，而且虽然控油，但不会毛躁，不会毛躁——我之前染发伤了头发，这款反而比我平时用的滋养洗发水要滑一点，不知道是不是成膜效果的原因，于是我平时扎头发出门今天打算披发了[庆祝R][烟花R]\n\t\n总结一下就是除了贵没啥缺点的洗发水，确实很给力，性价比因人而异，等我过两天再来反馈一下保持的效果，今天降温下雨了，出门吃喝去咯[偷笑R]\n\t\n#郑云龙Livingproof缕灵科技护发[话题]#见证人 #见证每一缕灵动[话题]# #种草[话题]# #好物分享[话题]# #Livingproof[话题]# #洗发水[话题]#', 'note_url': 'https://www.xiaohongshu.com/explore/6309a46a000000001800cc9e?xsec_token=AB56Sw2NXGWYoU4p-utd51uimptU4nxAFNokjjtdW7xEA=&xsec_source=pc_search', 'video_url': '', 'image_list': 'http://sns-img-hw.xhscdn.com/01028r01616etdpbyyd010rstyr0y52ics!nd_dft_wgth_jpg_3,http://sns-img-hw.xhscdn.com/01028r01616etdpbyyd010rstyr1phdof3!nd_dft_wgth_jpg_3,http://sns-img-hw.xhscdn.com/01028r01616etdpbyyd010rstyr25buma3!nd_dft_wgth_jpg_3,http://sns-img-hw.xhscdn.com/01028r01616etdpbyyd010rstyr3kuo7nc!nd_dft_wlteh_jpg_3', 'tag_list': '郑云龙Livingproof缕灵科技护发,见证每一缕灵动,种草,好物分享,Livingproof,洗发水', 'author_id': '5759c17950c4b451c1c8e2b5', 'nickname': '雁过炸毛', 'last_update_time': '2022-08-27T12:58:18+00:00', 'liked_count': 14, 'collected_count': 0, 'comment_count': 0, 'share_count': 2, 'created_at': '2025-05-30T00:27:21.638423+00:00', 'brand_list': None, 'spu_list': None, 'emotion_dict': None, 'emotional_intensity_dict': None, 'note_id': '6309a46a000000001800cc9e', 'evaluation_dict': None}]}
✅ 第12批AI分析完成!
📊 分析结果长度: 2281 字符
⚠️ 第12批结果解析失败: Extra data: line 74 column 1 (char 1917)
原始结果预览: [
  {
    "note_id": "63057f36000000001702d859",
    "analysis_result": {
      "brand_list": ["Living proof缕灵"],
      "spu_list": [],
      "emotion_dict": {"Living proof缕灵": "正向"},
      "evaluatio...

🔄 处理第 13/20 批 (索引 60~64, 共 5 条)
📋 开始AI分析: 5 条笔记
📋 开始AI分析 crew_inputs: {'analysis_type': '小红书笔记情感分析 - 第13批', 'current_date': '2025-06-03 14:16:15', 'batch_size': 5, 'notes': [{'id': 155, 'title': 'living proof我愿称之为油头细软发救星', 'type': 'normal', 'desc': '之前发那个元气姜，有姐妹给我推荐这个，火速买了三件套\n洗发水+护发素+蓬松喷雾\n他这个洗发水洗完搭配吹风手法真的可以很轻松的让发根蓬松起来\n看起来就是头发很多很蓬松的样子\n算是平替的oribe吧\n不过我用下来这个护发素要比洗发水更好用\n我发质很好，但是一用护发素的结局就是很细很软很贴头皮\n但这个护发素就很好，可以说是为油皮打造的护发素\n就算抹到发根\n吹干的蓬松效果依旧很好\n洗发水的控油能力在我头上不如卡诗的元气姜\n两个混着用吧，同时搭配这个护发素\n-\n干发喷雾观察了两天才get正确用法\n洗完头第二天头发还不是很油的时候就要喷上\n然后梳开\n这样的话头发可以坚持四五天不油\n但这东西还是不要多用，还是偶尔用用还是很香的', 'note_url': 'https://www.xiaohongshu.com/explore/6246a0a10000000001026bb6?xsec_token=ABHchxeTPU9wtr_4Qlzsz7JKVnIhxs9KJelnxRTPOnx8c=&xsec_source=pc_search', 'video_url': '', 'image_list': 'http://sns-img-hw.xhscdn.com/e4809aae-736b-3358-8964-c85c76562be8!nd_dft_wlteh_jpg_3', 'tag_list': '', 'author_id': '5f4a98f8000000000100594e', 'nickname': '瞎买专用小号', 'last_update_time': '2022-04-01T14:50:09+00:00', 'liked_count': 188, 'collected_count': 129, 'comment_count': 11, 'share_count': 13, 'created_at': '2025-05-30T00:27:21.817783+00:00', 'brand_list': None, 'spu_list': None, 'emotion_dict': None, 'emotional_intensity_dict': None, 'note_id': '6246a0a10000000001026bb6', 'evaluation_dict': None}, {'id': 156, 'title': '秃头女孩👧🏼分享爱用洗发水', 'type': 'normal', 'desc': '馥绿德雅小白珠\nolaplex 4号\nliving proof\nleonor greyl\n头顶油发尾干的细软塌女孩👧🏼请直接抄作业', 'note_url': 'https://www.xiaohongshu.com/explore/62a5a452000000002103e93d?xsec_token=ABLakTYs7AnuNIFDfe-1I4-EyPwgfZPhBW5Ew_ptyxYqw=&xsec_source=pc_search', 'video_url': '', 'image_list': 'http://sns-img-hw.xhscdn.com/01026c013sbo0n7cgj3010zeq83077ensk!nd_dft_wlteh_jpg_3', 'tag_list': '', 'author_id': '55fcf9a23397db05029501af', 'nickname': '泰坦兔', 'last_update_time': '2022-06-12T16:31:14+00:00', 'liked_count': 6342, 'collected_count': 4073, 'comment_count': 155, 'share_count': 89, 'created_at': '2025-05-30T00:27:21.978935+00:00', 'brand_list': None, 'spu_list': None, 'emotion_dict': None, 'emotional_intensity_dict': None, 'note_id': '62a5a452000000002103e93d', 'evaluation_dict': None}, {'id': 157, 'title': '快消巨头重押高端美妆', 'type': 'normal', 'desc': '讲惯日化故事的快消巨头——联合利华，正在努力讲高端美妆故事，但从其旗下高端美妆品牌在华闭店、高端美妆CEO辞职等，可窥见这一故事并不好讲。在2025年第二季度，联合利华高端美妆部门高管的变动仍在继续！日前，据cosmetics business报道，联合利华任命Jean-Phillippe Courtois为联合利华高端美妆部门的研发总监。联合利华高端美妆部门于2014年创立，该部门是联合利华高端美容品牌的所在地，包括Murad、Kate Somerville、REN Clean Skincare、TATCHA、Living Proof、Hourglass等品牌📝\n\t\n但，高端美妆的故事真的好讲吗？🧐\n\t\n虽然前文提及的部分高端美妆品牌的业绩有着较好的表现，但并非所有高端美妆的表现都尽如人意。聚焦到联合利华高端美妆品牌的境况来看，在今年2月，联合利华关闭了K18的姊妹品牌Aquis，目前该品牌已在美国停产，但将继续在亚洲提供。而在近日，联合利华旗下高端护肤品牌TATCHA也宣布其淘系海外店铺将于本月月底自主终止营业😢\n\t\n种种来看，联合利华的高端美妆品牌的发展仍然面临一定的挑战，落到高端美妆部门的相关任命上，不论是CEO变动，还是核心研发人员的任命，无一不是联合利华聚焦高端美妆发展的体现，也是应对挑战所作出的举动。与此同时，这也意味着，此时被任命者身上肩负的担子并不小💼\n\t\n另一方面，在中国市场上，部分高端美妆不吃香了是不争的事实，据零售圈援引用Goldman Sachs Research高盛研究报告，后者发布的《The Rise of Chinese Beauty Brands IV: Framing thepremiumization opportunity》报告显示，2021-2024年，中国高端美妆市场复合增长率为下滑3%📉\n\t\n可以看到，联合利华对中国市场、高端美妆市场的重视，但结合上述种种，以及高端美妆市场竞争日趋激烈的现状来看，眼下，联合利华高端美妆的故事并不好讲\n\t\n✨洋仔致力于携手品牌完成小红书站内【洞察诊断+定制化全案】\n#品牌营销[话题]# #品牌[话题]# #联合利华[话题]# #美妆[话题]# #高端美妆[话题]#', 'note_url': 'https://www.xiaohongshu.com/explore/67f73ef900000000090165f9?xsec_token=ABw0rKwuVXZ-YGx56OBET3YQJgjv_R55nzKWSOR_VRwS4=&xsec_source=pc_search', 'video_url': '', 'image_list': 'http://sns-img-hw.xhscdn.com/notes_pre_post/1040g3k831g34i260g0dg5pj16n0guejqusngtk0!nd_dft_wlteh_jpg_3', 'tag_list': '品牌营销,品牌,联合利华,美妆,高端美妆', 'author_id': '666135c10000000003033a7a', 'nickname': '品牌营销狂热爱好者洋仔', 'last_update_time': '2025-04-10T11:46:01+00:00', 'liked_count': 7, 'collected_count': 5, 'comment_count': 0, 'share_count': 3, 'created_at': '2025-05-30T00:27:22.142739+00:00', 'brand_list': None, 'spu_list': None, 'emotion_dict': None, 'emotional_intensity_dict': None, 'note_id': '67f73ef900000000090165f9', 'evaluation_dict': None}, {'id': 158, 'title': '混痘敏｜空瓶记会回购｜Living Proof蓬松喷雾', 'type': 'normal', 'desc': '👧🏻\n本人肤质：混合型偏干➕下巴长痘➕轻度敏感➕身体有鸡皮\n本人发质：油头\n坐标：🇬🇧\n护肤追求：美白➕不长痘➕维稳\n护肤理念：能行就行不行拉倒\n护肤知识：摸爬滚打自我摸索\n·\n不出意外我又是被路一同安利的\n我以前从来没有买过蓬松喷雾\n一直以为是智商税 毫无效果\n后来发现 确实有用\n但也不能算很有用\n-\n蓬松喷雾其实就是增加头发摩擦力\n达到一个蓬松的效果\n所以其实并不适合我洗完头就使用\n（当然这是针对我个人所言\n我洗完头 头发比较软 用了效果不大\n比如第二天要散头发很适合\n或者第三天要扎丸子头就很适合\n-\n用法就是喷在发根一点的位置\n不要喷到头皮 然后喷完以后使劲抓\n就是使劲抓头发 就可以了\n一般左右两边各两泵 效果就有了\n出来的颅顶就会比较高～\n-\n总结 会回购\n毕竟living proof是蓬松喷雾中的扛把子\n但是这一瓶我很可能很难用完\n嘎嘎\n·\n#我的护肤日常[话题]# #护肤[话题]# #蓬松喷雾[话题]# #头发[话题]# #头发蓬松[话题]# #空瓶记[话题]#', 'note_url': 'https://www.xiaohongshu.com/explore/61bdceb5000000000102e8f1?xsec_token=ABJ7v3E0_Fh3Oj3XTlz6ONlZI3Zxz7j3KX9iMv9zT11w4=&xsec_source=pc_search', 'video_url': '', 'image_list': 'http://sns-img-hw.xhscdn.com/c60d08e3-111e-3b56-a2d8-1f14756e9ff0!nd_dft_wlteh_jpg_3,http://sns-img-hw.xhscdn.com/95aa0cff-f289-3465-828c-cff47d29020c!nd_dft_wlteh_jpg_3', 'tag_list': '我的护肤日常,护肤,蓬松喷雾,头发,头发蓬松,空瓶记', 'author_id': '5dcfefe60000000001009845', 'nickname': '糊糊不说糊涂话', 'last_update_time': '2021-12-18T20:06:14+00:00', 'liked_count': 116, 'collected_count': 67, 'comment_count': 8, 'share_count': 23, 'created_at': '2025-05-30T00:27:22.345278+00:00', 'brand_list': None, 'spu_list': None, 'emotion_dict': None, 'emotional_intensity_dict': None, 'note_id': '61bdceb5000000000102e8f1', 'evaluation_dict': None}, {'id': 167, 'title': '我真棒，洗发水买成了护发素', 'type': 'normal', 'desc': '洗的时候感觉很涩\n总感觉哪里不对\n打开购买记录发现真的不对\n#护发素[话题]# #洗发露[话题]# #livingproof护发素[话题]#', 'note_url': 'https://www.xiaohongshu.com/explore/6633c8b5000000001e033ef5?xsec_token=ABkg2ydjDHZH1Nlh2JMXE6iVrt_Dgk_Qq7WImfZ4pmypA=&xsec_source=pc_search', 'video_url': '', 'image_list': 'http://sns-img-hw.xhscdn.com/1040g2sg312a8fqdhl2504948lkdfsog3970cu1g!nd_dft_wlteh_jpg_3', 'tag_list': '护发素,洗发露,livingproof护发素', 'author_id': '589b5afe82ec397d88fb6203', 'nickname': 'Dec.Lan', 'last_update_time': '2024-05-03T01:09:10+00:00', 'liked_count': 1, 'collected_count': 0, 'comment_count': 3, 'share_count': 0, 'created_at': '2025-05-30T00:29:15.803565+00:00', 'brand_list': None, 'spu_list': None, 'emotion_dict': None, 'emotional_intensity_dict': None, 'note_id': '6633c8b5000000001e033ef5', 'evaluation_dict': None}]}
